Component: ARM Compiler 5.05 update 1 (build 106) Tool: armlink [4d0efa]

==============================================================================

Section Cross References

    main.o(.text) refers to _printf_percent.o(.ARM.Collect$$_printf_percent$$00000000) for _printf_percent
    main.o(.text) refers to _printf_d.o(.ARM.Collect$$_printf_percent$$00000009) for _printf_d
    main.o(.text) refers to _printf_dec.o(.text) for _printf_int_dec
    main.o(.text) refers to __2sprintf.o(.text) for __2sprintf
    main.o(.text) refers to lcd.o(.text) for LCD_ShowString
    main.o(.text) refers to rt_memcpy_w.o(.text) for __aeabi_memcpy4
    main.o(.text) refers to key.o(.text) for KEY_Scan
    main.o(.text) refers to straightmotorcontrol.o(.text) for StraightMotorSetSpeed
    main.o(.text) refers to strlen.o(.text) for strlen
    main.o(.text) refers to rs485.o(.text) for RS485_Send_Data
    main.o(.text) refers to delay.o(.text) for delay_ms
    main.o(.text) refers to os_time.o(.text) for OSTimeDlyHMSM
    main.o(.text) refers to os_task.o(.text) for OSTaskSuspend
    main.o(.text) refers to cpu_core.o(.text) for CPU_Init
    main.o(.text) refers to os_stat.o(.text) for OSStatTaskCPUUsageInit
    main.o(.text) refers to os_core.o(.text) for OSSchedRoundRobinCfg
    main.o(.text) refers to cpu_a.o(.text) for CPU_SR_Save
    main.o(.text) refers to misc.o(.text) for NVIC_PriorityGroupConfig
    main.o(.text) refers to usart.o(.text) for uart_init
    main.o(.text) refers to usart3.o(.text) for usart3_init
    main.o(.text) refers to dma.o(.text) for MYDMA_Config
    main.o(.text) refers to led.o(.text) for LED_Init
    main.o(.text) refers to lwip_comm.o(.bss) for lwipdev
    main.o(.text) refers to main.o(.constdata) for .constdata
    main.o(.text) refers to main.o(.data) for fun_motor
    main.o(.text) refers to main.o(.bss) for DisplayTaskTCB
    main.o(.text) refers to straightmotorcontrol.o(.bss) for recv
    main.o(.text) refers to usmart_config.o(.data) for usmart_dev
    main.o(.text) refers to beep.o(.text) for BEEP_Init
    main.o(.text) refers to sram.o(.text) for FSMC_SRAM_Init
    main.o(.text) refers to malloc.o(.text) for mymem_init
    main.o(.text) refers to strncmp.o(.text) for strncmp
    main.o(.text) refers to encoder.o(.text) for InquireSwerveMotorAngle
    main.o(.text) refers to rs485.o(.bss) for RS485_RX_BUF
    main.o(.text) refers to lcd.o(.data) for POINT_COLOR
    system_stm32f4xx.o(.text) refers to system_stm32f4xx.o(.data) for SystemCoreClock
    key.o(.text) refers to stm32f4xx_rcc.o(.text) for RCC_AHB1PeriphClockCmd
    key.o(.text) refers to stm32f4xx_gpio.o(.text) for GPIO_Init
    key.o(.text) refers to delay.o(.text) for delay_ms
    key.o(.text) refers to key.o(.data) for key_up
    led.o(.text) refers to stm32f4xx_rcc.o(.text) for RCC_AHB1PeriphClockCmd
    led.o(.text) refers to stm32f4xx_gpio.o(.text) for GPIO_Init
    timer.o(.text) refers to stm32f4xx_tim.o(.text) for TIM_GetITStatus
    timer.o(.text) refers to stm32f4xx_rcc.o(.text) for RCC_APB1PeriphClockCmd
    timer.o(.text) refers to misc.o(.text) for NVIC_Init
    timer.o(.text) refers to usart3.o(.data) for USART3_RX_STA
    lcd.o(.text) refers to _printf_percent.o(.ARM.Collect$$_printf_percent$$00000000) for _printf_percent
    lcd.o(.text) refers to _printf_x.o(.ARM.Collect$$_printf_percent$$0000000C) for _printf_x
    lcd.o(.text) refers to _printf_hex_int_ll_ptr.o(.text) for _printf_longlong_hex
    lcd.o(.text) refers to delay.o(.text) for delay_us
    lcd.o(.text) refers to lcd.o(.bss) for lcddev
    lcd.o(.text) refers to lcd.o(.data) for POINT_COLOR
    lcd.o(.text) refers to dflt_clz.o(x$fpl$dfltu) for __aeabi_ui2d
    lcd.o(.text) refers to dmul.o(x$fpl$dmul) for __aeabi_dmul
    lcd.o(.text) refers to dfixu.o(x$fpl$dfixu) for __aeabi_d2uiz
    lcd.o(.text) refers to stm32f4xx_rcc.o(.text) for RCC_AHB1PeriphClockCmd
    lcd.o(.text) refers to stm32f4xx_gpio.o(.text) for GPIO_Init
    lcd.o(.text) refers to stm32f4xx_fsmc.o(.text) for FSMC_NORSRAMInit
    lcd.o(.text) refers to __2printf.o(.text) for __2printf
    lcd.o(.text) refers to lcd.o(.constdata) for asc2_1206
    lan8720.o(.text) refers to stm32f4xx_rcc.o(.text) for RCC_AHB1PeriphClockCmd
    lan8720.o(.text) refers to stm32f4x7_eth.o(.text) for ETH_DeInit
    lan8720.o(.text) refers to misc.o(.text) for NVIC_Init
    lan8720.o(.text) refers to stm32f4xx_syscfg.o(.text) for SYSCFG_ETH_MediaInterfaceConfig
    lan8720.o(.text) refers to stm32f4xx_gpio.o(.text) for GPIO_Init
    lan8720.o(.text) refers to delay.o(.text) for delay_ms
    lan8720.o(.text) refers to lwip_comm.o(.text) for lwip_pkt_handle
    lan8720.o(.text) refers to malloc.o(.text) for myfree
    lan8720.o(.text) refers to stm32f4x7_eth.o(.data) for DMARxDescToGet
    lan8720.o(.text) refers to lan8720.o(.data) for DMARxDscrTab
    sram.o(.text) refers to stm32f4xx_rcc.o(.text) for RCC_AHB1PeriphClockCmd
    sram.o(.text) refers to stm32f4xx_gpio.o(.text) for GPIO_Init
[...]
    OS_QDbgListAdd                           0x0801e369   Thumb Code    38  os_q.o(.text)
    OSQCreate                                0x0801e38f   Thumb Code   130  os_q.o(.text)
    OS_QClr                                  0x0801e411   Thumb Code    40  os_q.o(.text)
    OS_QDbgListRemove                        0x0801e439   Thumb Code    44  os_q.o(.text)
    OSQDel                                   0x0801e465   Thumb Code   306  os_q.o(.text)
    OSQFlush                                 0x0801e597   Thumb Code   106  os_q.o(.text)
    OSQPend                                  0x0801e601   Thumb Code   484  os_q.o(.text)
    OSQPendAbort                             0x0801e7e5   Thumb Code   236  os_q.o(.text)
    OS_QPost                                 0x0801e8d1   Thumb Code   190  os_q.o(.text)
    OSQPost                                  0x0801e98f   Thumb Code   144  os_q.o(.text)
    OS_QInit                                 0x0801ea1f   Thumb Code    14  os_q.o(.text)
    OS_SemDbgListAdd                         0x0801ea41   Thumb Code    38  os_sem.o(.text)
    OSSemCreate                              0x0801ea67   Thumb Code   116  os_sem.o(.text)
    OS_SemClr                                0x0801eadb   Thumb Code    28  os_sem.o(.text)
    OS_SemDbgListRemove                      0x0801eaf7   Thumb Code    44  os_sem.o(.text)
    OSSemDel                                 0x0801eb23   Thumb Code   306  os_sem.o(.text)
    OSSemPend                                0x0801ec55   Thumb Code   406  os_sem.o(.text)
    OSSemPendAbort                           0x0801edeb   Thumb Code   278  os_sem.o(.text)
    OS_SemPost                               0x0801ef01   Thumb Code   294  os_sem.o(.text)
    OSSemPost                                0x0801f027   Thumb Code   108  os_sem.o(.text)
    OSSemSet                                 0x0801f093   Thumb Code   120  os_sem.o(.text)
    OS_SemInit                               0x0801f10b   Thumb Code    14  os_sem.o(.text)
    OSStatReset                              0x0801f129   Thumb Code   262  os_stat.o(.text)
    OSStatTaskCPUUsageInit                   0x0801f22f   Thumb Code   212  os_stat.o(.text)
    OS_StatTask                              0x0801f303   Thumb Code   768  os_stat.o(.text)
    OS_StatTaskInit                          0x0801f603   Thumb Code   138  os_stat.o(.text)
    OSTaskChangePrio                         0x0801f6d1   Thumb Code   274  os_task.o(.text)
    OS_TaskDbgListAdd                        0x0801f7e3   Thumb Code    42  os_task.o(.text)
    OS_TaskInitTCB                           0x0801f80d   Thumb Code   186  os_task.o(.text)
    OSTaskCreate                             0x0801f8c7   Thumb Code   412  os_task.o(.text)
    OS_TaskDbgListRemove                     0x0801fa63   Thumb Code    64  os_task.o(.text)
    OSTaskDel                                0x0801faa3   Thumb Code   324  os_task.o(.text)
    OSTaskQFlush                             0x0801fbe7   Thumb Code   110  os_task.o(.text)
    OSTaskQPend                              0x0801fc55   Thumb Code   458  os_task.o(.text)
    OSTaskQPendAbort                         0x0801fe1f   Thumb Code   206  os_task.o(.text)
    OS_TaskQPost                             0x0801feed   Thumb Code   220  os_task.o(.text)
    OSTaskQPost                              0x0801ffc9   Thumb Code    82  os_task.o(.text)
    OSTaskRegGet                             0x0802001b   Thumb Code    78  os_task.o(.text)
    OSTaskRegGetID                           0x08020069   Thumb Code    84  os_task.o(.text)
    OSTaskRegSet                             0x080200bd   Thumb Code    78  os_task.o(.text)
    OS_TaskResume                            0x0802010b   Thumb Code   256  os_task.o(.text)
    OSTaskResume                             0x0802020b   Thumb Code    96  os_task.o(.text)
    OSTaskSemPend                            0x0802026b   Thumb Code   478  os_task.o(.text)
    OSTaskSemPendAbort                       0x08020449   Thumb Code   214  os_task.o(.text)
    OS_TaskSemPost                           0x0802051f   Thumb Code   448  os_task.o(.text)
    OSTaskSemPost                            0x080206df   Thumb Code    76  os_task.o(.text)
    OSTaskSemSet                             0x0802072b   Thumb Code    80  os_task.o(.text)
    OSTaskStkChk                             0x0802077b   Thumb Code   204  os_task.o(.text)
    OS_TaskSuspend                           0x08020847   Thumb Code   272  os_task.o(.text)
    OSTaskSuspend                            0x08020957   Thumb Code    48  os_task.o(.text)
    OSTaskTimeQuantaSet                      0x08020987   Thumb Code    96  os_task.o(.text)
    OS_TaskInit                              0x080209e7   Thumb Code    18  os_task.o(.text)
    OS_TaskReturn                            0x080209f9   Thumb Code    20  os_task.o(.text)
    OS_TickListRemove                        0x08020a2d   Thumb Code    56  os_tick.o(.text)
    OS_TickListUpdate                        0x08020a65   Thumb Code   376  os_tick.o(.text)
    OS_TickTask                              0x08020bdd   Thumb Code    38  os_tick.o(.text)
    OS_TickListInit                          0x08020c03   Thumb Code    32  os_tick.o(.text)
    OS_TickTaskInit                          0x08020c23   Thumb Code   130  os_tick.o(.text)
    OS_TickListInsert                        0x08020ca5   Thumb Code   430  os_tick.o(.text)
    OS_TickListResetPeak                     0x08020e53   Thumb Code    94  os_tick.o(.text)
    OSTimeDly                                0x08020eb1   Thumb Code   182  os_time.o(.text)
    OSTimeDlyHMSM                            0x08020f67   Thumb Code   394  os_time.o(.text)
    OSTimeDlyResume                          0x080210f1   Thumb Code   334  os_time.o(.text)
    OSTimeGet                                0x0802123f   Thumb Code    46  os_time.o(.text)
    OSTimeSet                                0x0802126d   Thumb Code    68  os_time.o(.text)
    OSTimeTick                               0x080212b1   Thumb Code    68  os_time.o(.text)
    OS_TmrDbgListAdd                         0x0802130d   Thumb Code    34  os_tmr.o(.text)
    OSTmrCreate                              0x0802132f   Thumb Code   192  os_tmr.o(.text)
    OS_TmrClr                                0x080213ef   Thumb Code    36  os_tmr.o(.text)
    OS_TmrUnlink                             0x08021413   Thumb Code    72  os_tmr.o(.text)
    OS_TmrDbgListRemove                      0x0802145b   Thumb Code    44  os_tmr.o(.text)
    OSTmrDel                                 0x08021487   Thumb Code   176  os_tmr.o(.text)
    OSTmrRemainGet                           0x08021537   Thumb Code   184  os_tmr.o(.text)
    OS_TmrLink                               0x080215ef   Thumb Code   196  os_tmr.o(.text)
    OSTmrStart                               0x080216b3   Thumb Code   208  os_tmr.o(.text)
    OSTmrStateGet                            0x08021783   Thumb Code   134  os_tmr.o(.text)
    OSTmrStop                                0x08021809   Thumb Code   232  os_tmr.o(.text)
    OS_TmrTask                               0x080218f1   Thumb Code   176  os_tmr.o(.text)
    OS_TmrInit                               0x080219a1   Thumb Code   208  os_tmr.o(.text)
    OS_TmrResetPeak                          0x08021a71   Thumb Code    28  os_tmr.o(.text)
    OSIdleTaskHook                           0x08021ae9   Thumb Code    16  os_cpu_c.o(.text)
    OSInitHook                               0x08021af9   Thumb Code    28  os_cpu_c.o(.text)
    OSStatTaskHook                           0x08021b15   Thumb Code    16  os_cpu_c.o(.text)
    OSTaskCreateHook                         0x08021b25   Thumb Code    20  os_cpu_c.o(.text)
    OSTaskDelHook                            0x08021b39   Thumb Code    20  os_cpu_c.o(.text)
    OSTaskReturnHook                         0x08021b4d   Thumb Code    20  os_cpu_c.o(.text)
    OSTaskStkInit                            0x08021b61   Thumb Code   600  os_cpu_c.o(.text)
    OSTaskSwHook                             0x08021db9   Thumb Code   120  os_cpu_c.o(.text)
    OSTimeTickHook                           0x08021e31   Thumb Code    16  os_cpu_c.o(.text)
    OS_CPU_SysTickHandler                    0x08021e41   Thumb Code    52  os_cpu_c.o(.text)
    OS_CPU_SysTickInit                       0x08021e75   Thumb Code    44  os_cpu_c.o(.text)
    __use_no_semihosting                     0x08021ee1   Thumb Code     2  use_no_semi_2.o(.text)
    __rt_ctype_table                         0x08021ee5   Thumb Code    16  rt_ctype_table.o(.text)
    __aeabi_uldivmod                         0x08021ef5   Thumb Code     0  lludivv7m.o(.text)
    _ll_udiv                                 0x08021ef5   Thumb Code   238  lludivv7m.o(.text)
    vsprintf                                 0x08021fe5   Thumb Code    32  vsprintf.o(.text)
    __2printf                                0x08022009   Thumb Code    20  __2printf.o(.text)
    __2sprintf                               0x08022021   Thumb Code    38  __2sprintf.o(.text)
    _printf_pre_padding                      0x0802204d   Thumb Code    44  _printf_pad.o(.text)
    _printf_post_padding                     0x08022079   Thumb Code    34  _printf_pad.o(.text)
    _printf_str                              0x0802209b   Thumb Code    82  _printf_str.o(.text)
    _printf_int_dec                          0x080220ed   Thumb Code   104  _printf_dec.o(.text)
    _printf_longlong_hex                     0x08022165   Thumb Code    86  _printf_hex_int_ll_ptr.o(.text)
    _printf_int_hex                          0x080221bb   Thumb Code    28  _printf_hex_int_ll_ptr.o(.text)
    _printf_ll_hex                           0x080221d7   Thumb Code    12  _printf_hex_int_ll_ptr.o(.text)
    _printf_hex_ptr                          0x080221e3   Thumb Code    18  _printf_hex_int_ll_ptr.o(.text)
    __printf                                 0x080221f9   Thumb Code   388  __printf_flags_ss_wp.o(.text)
    memcmp                                   0x08022381   Thumb Code    88  memcmp.o(.text)
    strlen                                   0x080223d9   Thumb Code    62  strlen.o(.text)
    strncmp                                  0x08022417   Thumb Code   150  strncmp.o(.text)
    __aeabi_memcpy                           0x080224ad   Thumb Code     0  rt_memcpy_v6.o(.text)
    __rt_memcpy                              0x080224ad   Thumb Code   138  rt_memcpy_v6.o(.text)
    _memcpy_lastbytes                        0x08022513   Thumb Code     0  rt_memcpy_v6.o(.text)
    __aeabi_memcpy4                          0x08022537   Thumb Code     0  rt_memcpy_w.o(.text)
    __aeabi_memcpy8                          0x08022537   Thumb Code     0  rt_memcpy_w.o(.text)
    __rt_memcpy_w                            0x08022537   Thumb Code   100  rt_memcpy_w.o(.text)
    _memcpy_lastbytes_aligned                0x0802257f   Thumb Code     0  rt_memcpy_w.o(.text)
    __aeabi_memclr                           0x0802259b   Thumb Code     0  rt_memclr.o(.text)
    __rt_memclr                              0x0802259b   Thumb Code    68  rt_memclr.o(.text)
    _memset                                  0x0802259f   Thumb Code     0  rt_memclr.o(.text)
    __aeabi_memclr4                          0x080225df   Thumb Code     0  rt_memclr_w.o(.text)
    __aeabi_memclr8                          0x080225df   Thumb Code     0  rt_memclr_w.o(.text)
    __rt_memclr_w                            0x080225df   Thumb Code    78  rt_memclr_w.o(.text)
    _memset_w                                0x080225e3   Thumb Code     0  rt_memclr_w.o(.text)
    strncpy                                  0x0802262d   Thumb Code    86  strncpy.o(.text)
    strcmp                                   0x08022685   Thumb Code   128  strcmpv7m.o(.text)
    __use_two_region_memory                  0x08022705   Thumb Code     2  heapauxi.o(.text)
    __rt_heap_escrow$2region                 0x08022707   Thumb Code     2  heapauxi.o(.text)
    __rt_heap_expand$2region                 0x08022709   Thumb Code     2  heapauxi.o(.text)
    __I$use$semihosting                      0x0802270b   Thumb Code     0  use_no_semi.o(.text)
    __use_no_semihosting_swi                 0x0802270b   Thumb Code     2  use_no_semi.o(.text)
    __rt_locale                              0x0802270d   Thumb Code     8  rt_locale_intlibspace.o(.text)
    _printf_truncate_signed                  0x08022715   Thumb Code    18  _printf_truncate.o(.text)
    _printf_truncate_unsigned                0x08022727   Thumb Code    18  _printf_truncate.o(.text)
    _printf_int_common                       0x08022739   Thumb Code   178  _printf_intcommon.o(.text)
    _printf_charcount                        0x080227eb   Thumb Code    40  _printf_charcount.o(.text)
    _printf_char_common                      0x0802281f   Thumb Code    32  _printf_char_common.o(.text)
    _sputc                                   0x08022845   Thumb Code    10  _sputc.o(.text)
    _printf_cs_common                        0x0802284f   Thumb Code    20  _printf_char.o(.text)
    _printf_char                             0x08022863   Thumb Code    16  _printf_char.o(.text)
    _printf_string                           0x08022873   Thumb Code     8  _printf_char.o(.text)
    _printf_char_file                        0x0802287d   Thumb Code    32  _printf_char_file.o(.text)
    _printf_wctomb                           0x080228a1   Thumb Code   182  _printf_wctomb.o(.text)
    _printf_longlong_dec                     0x0802295d   Thumb Code   108  _printf_longlong_dec.o(.text)
    _printf_longlong_oct                     0x080229d9   Thumb Code    68  _printf_oct_int_ll.o(.text)
    _printf_int_oct                          0x08022a1d   Thumb Code    24  _printf_oct_int_ll.o(.text)
    _printf_ll_oct                           0x08022a35   Thumb Code    12  _printf_oct_int_ll.o(.text)
    __user_libspace                          0x08022a49   Thumb Code     8  libspace.o(.text)
    __user_perproc_libspace                  0x08022a49   Thumb Code     0  libspace.o(.text)
    __user_perthread_libspace                0x08022a49   Thumb Code     0  libspace.o(.text)
    _ll_udiv10                               0x08022a51   Thumb Code   138  lludiv10.o(.text)
    __lib_sel_fp_printf                      0x08022adb   Thumb Code     2  _printf_fp_dec.o(.text)
    _printf_fp_dec_real                      0x08022c89   Thumb Code   620  _printf_fp_dec.o(.text)
    _printf_fp_hex_real                      0x08022ef5   Thumb Code   754  _printf_fp_hex.o(.text)
    _printf_lcs_common                       0x080231f1   Thumb Code    20  _printf_wchar.o(.text)
    _printf_wchar                            0x08023205   Thumb Code    16  _printf_wchar.o(.text)
    _printf_wstring                          0x08023215   Thumb Code     8  _printf_wchar.o(.text)
    ferror                                   0x0802321d   Thumb Code     8  ferror.o(.text)
    _wcrtomb                                 0x08023225   Thumb Code    64  _wcrtomb.o(.text)
    __user_setup_stackheap                   0x08023265   Thumb Code    74  sys_stackheap_outer.o(.text)
    _printf_fp_infnan                        0x080232b1   Thumb Code   112  _printf_fp_infnan.o(.text)
    _btod_etento                             0x08023331   Thumb Code   216  bigflt0.o(.text)
    exit                                     0x0802340d   Thumb Code    12  exit.o(.text)
    _btod_d2e                                0x08023419   Thumb Code    62  btod.o(CL$$btod_d2e)
    _d2e_denorm_low                          0x08023457   Thumb Code    70  btod.o(CL$$btod_d2e_denorm_low)
    _d2e_norm_op1                            0x0802349d   Thumb Code    96  btod.o(CL$$btod_d2e_norm_op1)
    __btod_div_common                        0x080234fd   Thumb Code   696  btod.o(CL$$btod_div_common)
    _e2e                                     0x08023835   Thumb Code   198  btod.o(CL$$btod_e2e)
    _btod_ediv                               0x080238fb   Thumb Code    40  btod.o(CL$$btod_ediv)
    _btod_emul                               0x08023923   Thumb Code    40  btod.o(CL$$btod_emul)
    __btod_mult_common                       0x0802394b   Thumb Code   580  btod.o(CL$$btod_mult_common)
    OSStartHighRdy                           0x08023b91   Thumb Code     0  os_cpu_a.o(CODE)
    OSCtxSw                                  0x08023bb3   Thumb Code     0  os_cpu_a.o(CODE)
    OSIntCtxSw                               0x08023bbd   Thumb Code     0  os_cpu_a.o(CODE)
    PendSV_Handler                           0x08023bc7   Thumb Code     0  os_cpu_a.o(CODE)
    __ARM_fpclassify                         0x08023c3d   Thumb Code    48  fpclassify.o(i.__ARM_fpclassify)
    _is_digit                                0x08023c6d   Thumb Code    14  __printf_wp.o(i._is_digit)
    _get_lc_ctype                            0x08023c7d   Thumb Code    44  lc_ctype_c.o(locale$$code)
    _get_lc_numeric                          0x08023ca9   Thumb Code    44  lc_numeric_c.o(locale$$code)
    __aeabi_d2uiz                            0x08023cd5   Thumb Code     0  dfixu.o(x$fpl$dfixu)
    _dfixu                                   0x08023cd5   Thumb Code    90  dfixu.o(x$fpl$dfixu)
    __aeabi_ui2d                             0x08023d2f   Thumb Code     0  dflt_clz.o(x$fpl$dfltu)
    _dfltu                                   0x08023d2f   Thumb Code    38  dflt_clz.o(x$fpl$dfltu)
    __aeabi_dmul                             0x08023d55   Thumb Code     0  dmul.o(x$fpl$dmul)
    _dmul                                    0x08023d55   Thumb Code   332  dmul.o(x$fpl$dmul)
    __fpl_dnaninf                            0x08023ea9   Thumb Code   156  dnaninf.o(x$fpl$dnaninf)
    __fpl_dretinf                            0x08023f45   Thumb Code    12  dretinf.o(x$fpl$dretinf)
    _fp_init                                 0x08023f51   Thumb Code    10  fpinit.o(x$fpl$fpinit)
    __fplib_config_fpu_vfp                   0x08023f59   Thumb Code     0  fpinit.o(x$fpl$fpinit)
    __fplib_config_pureend_doubles           0x08023f59   Thumb Code     0  fpinit.o(x$fpl$fpinit)
    _printf_fp_dec                           0x08023f5b   Thumb Code     4  printf1.o(x$fpl$printf1)
    _printf_fp_hex                           0x08023f5f   Thumb Code     4  printf2.o(x$fpl$printf2)
    __I$use$fp                               0x08023f62   Number         0  usenofp.o(x$fpl$usenofp)
    asc2_1206                                0x08024004   Data        1140  lcd.o(.constdata)
    asc2_1608                                0x08024478   Data        1520  lcd.o(.constdata)
    asc2_2412                                0x08024a68   Data        3420  lcd.o(.constdata)
    FSMC_DefaultTimingStruct                 0x080257c4   Data          28  stm32f4xx_fsmc.o(.constdata)
    ethbroadcast                             0x080257e0   Data           6  etharp.o(.constdata)
    ethzero                                  0x080257e6   Data           6  etharp.o(.constdata)
    tcp_state_str                            0x08025824   Data          44  tcp.o(.constdata)
    tcp_backoff                              0x08025850   Data          13  tcp.o(.constdata)
    tcp_persist_backoff                      0x0802585d   Data           7  tcp.o(.constdata)
    tcp_pcb_lists                            0x08025864   Data          16  tcp.o(.constdata)
    pvNullPointer                            0x08025874   Data           4  sys_arch.o(.constdata)
    memtblsize                               0x080258b8   Data          12  malloc.o(.constdata)
    memblksize                               0x080258c4   Data          12  malloc.o(.constdata)
    memsize                                  0x080258d0   Data          12  malloc.o(.constdata)
    CPU_EndiannessTest                       0x080259dc   Data           4  cpu_core.o(.constdata)
    OSCfg_IdleTaskStkBasePtr                 0x08025a74   Data           4  os_cfg_app.o(.constdata)
    OSCfg_IdleTaskStkLimit                   0x08025a78   Data           4  os_cfg_app.o(.constdata)
    OSCfg_IdleTaskStkSize                    0x08025a7c   Data           4  os_cfg_app.o(.constdata)
    OSCfg_IdleTaskStkSizeRAM                 0x08025a80   Data           4  os_cfg_app.o(.constdata)
    OSCfg_IntQBasePtr                        0x08025a84   Data           4  os_cfg_app.o(.constdata)
    OSCfg_IntQSize                           0x08025a88   Data           2  os_cfg_app.o(.constdata)
    OSCfg_IntQSizeRAM                        0x08025a8c   Data           4  os_cfg_app.o(.constdata)
    OSCfg_IntQTaskStkBasePtr                 0x08025a90   Data           4  os_cfg_app.o(.constdata)
    OSCfg_IntQTaskStkLimit                   0x08025a94   Data           4  os_cfg_app.o(.constdata)
    OSCfg_IntQTaskStkSize                    0x08025a98   Data           4  os_cfg_app.o(.constdata)
    OSCfg_IntQTaskStkSizeRAM                 0x08025a9c   Data           4  os_cfg_app.o(.constdata)
    OSCfg_ISRStkBasePtr                      0x08025aa0   Data           4  os_cfg_app.o(.constdata)
    OSCfg_ISRStkSize                         0x08025aa4   Data           4  os_cfg_app.o(.constdata)
    OSCfg_ISRStkSizeRAM                      0x08025aa8   Data           4  os_cfg_app.o(.constdata)
    OSCfg_MsgPoolSize                        0x08025aac   Data           2  os_cfg_app.o(.constdata)
    OSCfg_MsgPoolSizeRAM                     0x08025ab0   Data           4  os_cfg_app.o(.constdata)
    OSCfg_MsgPoolBasePtr                     0x08025ab4   Data           4  os_cfg_app.o(.constdata)
    OSCfg_StatTaskPrio                       0x08025ab8   Data           1  os_cfg_app.o(.constdata)
    OSCfg_StatTaskRate_Hz                    0x08025abc   Data           4  os_cfg_app.o(.constdata)
    OSCfg_StatTaskStkBasePtr                 0x08025ac0   Data           4  os_cfg_app.o(.constdata)
    OSCfg_StatTaskStkLimit                   0x08025ac4   Data           4  os_cfg_app.o(.constdata)
    OSCfg_StatTaskStkSize                    0x08025ac8   Data           4  os_cfg_app.o(.constdata)
    OSCfg_StatTaskStkSizeRAM                 0x08025acc   Data           4  os_cfg_app.o(.constdata)
    OSCfg_StkSizeMin                         0x08025ad0   Data           4  os_cfg_app.o(.constdata)
    OSCfg_TickRate_Hz                        0x08025ad4   Data           4  os_cfg_app.o(.constdata)
    OSCfg_TickTaskPrio                       0x08025ad8   Data           1  os_cfg_app.o(.constdata)
    OSCfg_TickTaskStkBasePtr                 0x08025adc   Data           4  os_cfg_app.o(.constdata)
    OSCfg_TickTaskStkLimit                   0x08025ae0   Data           4  os_cfg_app.o(.constdata)
    OSCfg_TickTaskStkSize                    0x08025ae4   Data           4  os_cfg_app.o(.constdata)
    OSCfg_TickTaskStkSizeRAM                 0x08025ae8   Data           4  os_cfg_app.o(.constdata)
    OSCfg_TickWheelSize                      0x08025aec   Data           2  os_cfg_app.o(.constdata)
    OSCfg_TickWheelSizeRAM                   0x08025af0   Data           4  os_cfg_app.o(.constdata)
    OSCfg_TmrTaskPrio                        0x08025af4   Data           1  os_cfg_app.o(.constdata)
    OSCfg_TmrTaskRate_Hz                     0x08025af8   Data           4  os_cfg_app.o(.constdata)
    OSCfg_TmrTaskStkBasePtr                  0x08025afc   Data           4  os_cfg_app.o(.constdata)
    OSCfg_TmrTaskStkLimit                    0x08025b00   Data           4  os_cfg_app.o(.constdata)
    OSCfg_TmrTaskStkSize                     0x08025b04   Data           4  os_cfg_app.o(.constdata)
    OSCfg_TmrTaskStkSizeRAM                  0x08025b08   Data           4  os_cfg_app.o(.constdata)
    OSCfg_TmrWheelSize                       0x08025b0c   Data           2  os_cfg_app.o(.constdata)
    OSCfg_TmrWheelSizeRAM                    0x08025b10   Data           4  os_cfg_app.o(.constdata)
    OSCfg_DataSizeRAM                        0x08025b14   Data           4  os_cfg_app.o(.constdata)
    OSDbg_DbgEn                              0x08025b18   Data           2  os_dbg.o(.constdata)
    OSDbg_ArgChkEn                           0x08025b1a   Data           1  os_dbg.o(.constdata)
    OSDbg_AppHooksEn                         0x08025b1b   Data           1  os_dbg.o(.constdata)
    OSDbg_EndiannessTest                     0x08025b1c   Data           4  os_dbg.o(.constdata)
    OSDbg_CalledFromISRChkEn                 0x08025b20   Data           1  os_dbg.o(.constdata)
    OSDbg_FlagEn                             0x08025b21   Data           1  os_dbg.o(.constdata)
    OSDbg_FlagGrp                            0x08025b24   Data          40  os_dbg.o(.constdata)
    OSDbg_FlagDelEn                          0x08025b4c   Data           1  os_dbg.o(.constdata)
    OSDbg_FlagModeClrEn                      0x08025b4d   Data           1  os_dbg.o(.constdata)
    OSDbg_FlagPendAbortEn                    0x08025b4e   Data           1  os_dbg.o(.constdata)
    OSDbg_FlagGrpSize                        0x08025b50   Data           2  os_dbg.o(.constdata)
    OSDbg_FlagWidth                          0x08025b52   Data           2  os_dbg.o(.constdata)
    OSDbg_IntQ                               0x08025b54   Data           2  os_dbg.o(.constdata)
    OSDbg_ISRPostDeferredEn                  0x08025b56   Data           1  os_dbg.o(.constdata)
    OSDbg_Mem                                0x08025b58   Data          32  os_dbg.o(.constdata)
    OSDbg_MemEn                              0x08025b78   Data           1  os_dbg.o(.constdata)
    OSDbg_MemSize                            0x08025b7a   Data           2  os_dbg.o(.constdata)
    OSDbg_MsgEn                              0x08025b7c   Data           1  os_dbg.o(.constdata)
    OSDbg_MsgSize                            0x08025b7e   Data           2  os_dbg.o(.constdata)
    OSDbg_MsgPoolSize                        0x08025b80   Data           2  os_dbg.o(.constdata)
    OSDbg_MsgQSize                           0x08025b82   Data           2  os_dbg.o(.constdata)
    OSDbg_Mutex                              0x08025b84   Data          44  os_dbg.o(.constdata)
    OSDbg_MutexEn                            0x08025bb0   Data           1  os_dbg.o(.constdata)
    OSDbg_MutexDelEn                         0x08025bb1   Data           1  os_dbg.o(.constdata)
    OSDbg_MutexPendAbortEn                   0x08025bb2   Data           1  os_dbg.o(.constdata)
    OSDbg_MutexSize                          0x08025bb4   Data           2  os_dbg.o(.constdata)
    OSDbg_ObjTypeChkEn                       0x08025bb6   Data           1  os_dbg.o(.constdata)
    OSDbg_PendMultiEn                        0x08025bb7   Data           1  os_dbg.o(.constdata)
    OSDbg_PendDataSize                       0x08025bb8   Data           2  os_dbg.o(.constdata)
    OSDbg_PendListSize                       0x08025bba   Data           2  os_dbg.o(.constdata)
    OSDbg_PendObjSize                        0x08025bbc   Data           2  os_dbg.o(.constdata)
    OSDbg_PrioMax                            0x08025bbe   Data           2  os_dbg.o(.constdata)
    OSDbg_PrioTblSize                        0x08025bc0   Data           2  os_dbg.o(.constdata)
    OSDbg_PtrSize                            0x08025bc2   Data           2  os_dbg.o(.constdata)
    OSDbg_Q                                  0x08025bc4   Data          48  os_dbg.o(.constdata)
    OSDbg_QEn                                0x08025bf4   Data           1  os_dbg.o(.constdata)
    OSDbg_QDelEn                             0x08025bf5   Data           1  os_dbg.o(.constdata)
    OSDbg_QFlushEn                           0x08025bf6   Data           1  os_dbg.o(.constdata)
    OSDbg_QPendAbortEn                       0x08025bf7   Data           1  os_dbg.o(.constdata)
    OSDbg_QSize                              0x08025bf8   Data           2  os_dbg.o(.constdata)
    OSDbg_SchedRoundRobinEn                  0x08025bfa   Data           1  os_dbg.o(.constdata)
    OSDbg_Sem                                0x08025bfc   Data          40  os_dbg.o(.constdata)
    OSDbg_SemEn                              0x08025c24   Data           1  os_dbg.o(.constdata)
    OSDbg_SemDelEn                           0x08025c25   Data           1  os_dbg.o(.constdata)
    OSDbg_SemPendAbortEn                     0x08025c26   Data           1  os_dbg.o(.constdata)
    OSDbg_SemSetEn                           0x08025c27   Data           1  os_dbg.o(.constdata)
    OSDbg_SemSize                            0x08025c28   Data           2  os_dbg.o(.constdata)
    OSDbg_RdyList                            0x08025c2a   Data           2  os_dbg.o(.constdata)
    OSDbg_RdyListSize                        0x08025c2c   Data           4  os_dbg.o(.constdata)
    OSDbg_StkWidth                           0x08025c30   Data           1  os_dbg.o(.constdata)
    OSDbg_StatTaskEn                         0x08025c31   Data           1  os_dbg.o(.constdata)
    OSDbg_StatTaskStkChkEn                   0x08025c32   Data           1  os_dbg.o(.constdata)
    OSDbg_TaskChangePrioEn                   0x08025c33   Data           1  os_dbg.o(.constdata)
    OSDbg_TaskDelEn                          0x08025c34   Data           1  os_dbg.o(.constdata)
    OSDbg_TaskQEn                            0x08025c35   Data           1  os_dbg.o(.constdata)
    OSDbg_TaskQPendAbortEn                   0x08025c36   Data           1  os_dbg.o(.constdata)
    OSDbg_TaskProfileEn                      0x08025c37   Data           1  os_dbg.o(.constdata)
    OSDbg_TaskRegTblSize                     0x08025c38   Data           2  os_dbg.o(.constdata)
    OSDbg_TaskSemPendAbortEn                 0x08025c3a   Data           1  os_dbg.o(.constdata)
    OSDbg_TaskSuspendEn                      0x08025c3b   Data           1  os_dbg.o(.constdata)
    OSDbg_TCBSize                            0x08025c3c   Data           2  os_dbg.o(.constdata)
    OSDbg_TickSpokeSize                      0x08025c3e   Data           2  os_dbg.o(.constdata)
    OSDbg_TimeDlyHMSMEn                      0x08025c40   Data           1  os_dbg.o(.constdata)
    OSDbg_TimeDlyResumeEn                    0x08025c41   Data           1  os_dbg.o(.constdata)
    OSDbg_TLS_TblSize                        0x08025c42   Data           2  os_dbg.o(.constdata)
    OSDbg_Tmr                                0x08025c44   Data          52  os_dbg.o(.constdata)
    OSDbg_TmrEn                              0x08025c78   Data           1  os_dbg.o(.constdata)
    OSDbg_TmrDelEn                           0x08025c79   Data           1  os_dbg.o(.constdata)
    OSDbg_TmrSize                            0x08025c7a   Data           2  os_dbg.o(.constdata)
    OSDbg_TmrSpokeSize                       0x08025c7c   Data           2  os_dbg.o(.constdata)
    OSDbg_VersionNbr                         0x08025c7e   Data           2  os_dbg.o(.constdata)
    OSDbg_DataSize                           0x08025c80   Data           4  os_dbg.o(.constdata)
    Region$$Table$$Base                      0x08026060   Number         0  anon$$obj.o(Region$$Table)
    Region$$Table$$Limit                     0x08026080   Number         0  anon$$obj.o(Region$$Table)
    __ctype                                  0x0802608d   Data           0  lc_ctype_c.o(locale$$data)
    mem3base                                 0x10000000   Data       61440  malloc.o(.ARM.__AT_0x10000000)
    mem3mapbase                              0x1000f000   Data        3840  malloc.o(.ARM.__AT_0x1000F000)
    fun_motor                                0x20000000   Data           1  main.o(.data)
    SystemCoreClock                          0x20000004   Data           4  system_stm32f4xx.o(.data)
    AHBPrescTable                            0x20000008   Data          16  system_stm32f4xx.o(.data)
    POINT_COLOR                              0x2000001a   Data           2  lcd.o(.data)
    BACK_COLOR                               0x2000001c   Data           2  lcd.o(.data)
    DMARxDscrTab                             0x20000020   Data           4  lan8720.o(.data)
    DMATxDscrTab                             0x20000024   Data           4  lan8720.o(.data)
    Rx_Buff                                  0x20000028   Data           4  lan8720.o(.data)
    Tx_Buff                                  0x2000002c   Data           4  lan8720.o(.data)
    flag                                     0x20000030   Data           1  straightmotorcontrol.o(.data)
    askangle                                 0x20000034   Data           5  encoder.o(.data)
    answerangle                              0x20000039   Data           6  encoder.o(.data)
    Swerve_Node1_Angle                       0x20000040   Data           4  encoder.o(.data)
    Swerve_Node2_Angle                       0x20000044   Data           4  encoder.o(.data)
    Swerve_Node3_Angle                       0x20000048   Data           4  encoder.o(.data)
    Swerve_Node4_Angle                       0x2000004c   Data           4  encoder.o(.data)
    RS485_RX_CNT                             0x20000050   Data           1  rs485.o(.data)
    USART3_RX_BUF                            0x20000052   Data           7  usart3.o(.data)
    USART3_RX_STA                            0x2000005a   Data           2  usart3.o(.data)
    DMATxDescToSet                           0x2000006c   Data           4  stm32f4x7_eth.o(.data)
    DMARxDescToGet                           0x20000070   Data           4  stm32f4x7_eth.o(.data)
    DMA_RX_FRAME_infos                       0x20000074   Data           4  stm32f4x7_eth.o(.data)
    Frame_Rx_index                           0x20000078   Data           4  stm32f4x7_eth.o(.data)
    __stdout                                 0x20000080   Data           4  usart.o(.data)
    USART_RX_STA                             0x20000084   Data           2  usart.o(.data)
    sys_cmd_tab                              0x20000088   Data          28  usmart.o(.data)
    usmart_nametab                           0x200000a4   Data          48  usmart_config.o(.data)
    usmart_dev                               0x200000d4   Data         244  usmart_config.o(.data)
    TCPIP_THREAD_TASK_STK                    0x200001c8   Data           4  lwip_comm.o(.data)
    LWIP_DHCP_TASK_STK                       0x200001cc   Data           4  lwip_comm.o(.data)
    current_netif                            0x200001d4   Data           4  ip.o(.data)
    current_header                           0x200001d8   Data           4  ip.o(.data)
    current_iphdr_src                        0x200001dc   Data           4  ip.o(.data)
    current_iphdr_dest                       0x200001e0   Data           4  ip.o(.data)
    memp_memory                              0x20000228   Data           4  memp.o(.data)
    netif_list                               0x2000022c   Data           4  netif.o(.data)
    netif_default                            0x20000230   Data           4  netif.o(.data)
    tcp_ticks                                0x20000240   Data           4  tcp.o(.data)
    tcp_bound_pcbs                           0x20000244   Data           4  tcp.o(.data)
    tcp_listen_pcbs                          0x20000248   Data           4  tcp.o(.data)
    tcp_active_pcbs                          0x2000024c   Data           4  tcp.o(.data)
    tcp_tw_pcbs                              0x20000250   Data           4  tcp.o(.data)
    tcp_tmp_pcb                              0x20000254   Data           4  tcp.o(.data)
    tcp_active_pcbs_changed                  0x20000258   Data           1  tcp.o(.data)
    tcp_input_pcb                            0x2000027c   Data           4  tcp_in.o(.data)
    udp_pcbs                                 0x2000028c   Data           4  udp.o(.data)
    ram_heap                                 0x20000290   Data           4  mem.o(.data)
    mallco_dev                               0x200002b0   Data          36  malloc.o(.data)
    CPU_TS_TmrFreq_Hz                        0x200002d4   Data           4  cpu_core.o(.data)
    Mem_PoolTbl                              0x200002d8   Data           4  lib_mem.o(.data)
    OSPrioTbl                                0x200002dc   Data           4  os_prio.o(.data)
    OS_AppTaskCreateHookPtr                  0x200002e0   Data           4  os_var.o(.data)
    OS_AppTaskDelHookPtr                     0x200002e4   Data           4  os_var.o(.data)
    OS_AppTaskReturnHookPtr                  0x200002e8   Data           4  os_var.o(.data)
    OS_AppIdleTaskHookPtr                    0x200002ec   Data           4  os_var.o(.data)
    OS_AppStatTaskHookPtr                    0x200002f0   Data           4  os_var.o(.data)
    OS_AppTaskSwHookPtr                      0x200002f4   Data           4  os_var.o(.data)
    OS_AppTimeTickHookPtr                    0x200002f8   Data           4  os_var.o(.data)
    OSIdleTaskCtr                            0x200002fc   Data           4  os_var.o(.data)
    OSIntNestingCtr                          0x20000300   Data           1  os_var.o(.data)
    OSRunning                                0x20000301   Data           1  os_var.o(.data)
    OSFlagDbgListPtr                         0x20000304   Data           4  os_var.o(.data)
    OSFlagQty                                0x20000308   Data           2  os_var.o(.data)
    OSMemDbgListPtr                          0x2000030c   Data           4  os_var.o(.data)
    OSMemQty                                 0x20000310   Data           2  os_var.o(.data)
    OSMutexDbgListPtr                        0x20000314   Data           4  os_var.o(.data)
    OSMutexQty                               0x20000318   Data           2  os_var.o(.data)
    OSPrioCur                                0x2000031a   Data           1  os_var.o(.data)
    OSPrioHighRdy                            0x2000031b   Data           1  os_var.o(.data)
    OSPrioSaved                              0x2000031c   Data           1  os_var.o(.data)
    OSQDbgListPtr                            0x20000320   Data           4  os_var.o(.data)
    OSQQty                                   0x20000324   Data           2  os_var.o(.data)
    OSSchedLockTimeBegin                     0x20000328   Data           4  os_var.o(.data)
    OSSchedLockTimeMax                       0x2000032c   Data           4  os_var.o(.data)
    OSSchedLockTimeMaxCur                    0x20000330   Data           4  os_var.o(.data)
    OSSchedLockNestingCtr                    0x20000334   Data           1  os_var.o(.data)
    OSSchedRoundRobinDfltTimeQuanta          0x20000338   Data           4  os_var.o(.data)
    OSSchedRoundRobinEn                      0x2000033c   Data           1  os_var.o(.data)
    OSSemDbgListPtr                          0x20000340   Data           4  os_var.o(.data)
    OSSemQty                                 0x20000344   Data           2  os_var.o(.data)
    OSStatResetFlag                          0x20000346   Data           1  os_var.o(.data)
    OSStatTaskCPUUsage                       0x20000348   Data           2  os_var.o(.data)
    OSStatTaskCPUUsageMax                    0x2000034a   Data           2  os_var.o(.data)
    OSStatTaskCtr                            0x2000034c   Data           4  os_var.o(.data)
    OSStatTaskCtrMax                         0x20000350   Data           4  os_var.o(.data)
    OSStatTaskCtrRun                         0x20000354   Data           4  os_var.o(.data)
    OSStatTaskRdy                            0x20000358   Data           1  os_var.o(.data)
    OSStatTaskTimeMax                        0x2000035c   Data           4  os_var.o(.data)
    OSTaskCtxSwCtr                           0x20000360   Data           4  os_var.o(.data)
    OSTaskDbgListPtr                         0x20000364   Data           4  os_var.o(.data)
    OSTaskQty                                0x20000368   Data           2  os_var.o(.data)
    OSTaskRegNextAvailID                     0x2000036a   Data           1  os_var.o(.data)
    OSTickCtr                                0x2000036c   Data           4  os_var.o(.data)
    OSTickTaskTimeMax                        0x20000370   Data           4  os_var.o(.data)
    OSTmrDbgListPtr                          0x20000374   Data           4  os_var.o(.data)
    OSTmrQty                                 0x20000378   Data           2  os_var.o(.data)
    OSTmrTaskTimeMax                         0x2000037c   Data           4  os_var.o(.data)
    OSTmrTickCtr                             0x20000380   Data           4  os_var.o(.data)
    OSTmrUpdateCnt                           0x20000384   Data           4  os_var.o(.data)
    OSTmrUpdateCtr                           0x20000388   Data           4  os_var.o(.data)
    OSTCBCurPtr                              0x2000038c   Data           4  os_var.o(.data)
    OSTCBHighRdyPtr                          0x20000390   Data           4  os_var.o(.data)
    OS_CPU_ExceptStkBase                     0x20000394   Data           4  os_cpu_c.o(.data)
    KeyTaskTCB                               0x20000398   Data         196  main.o(.bss)
    KEY_TASK_STK                             0x2000045c   Data         512  main.o(.bss)
    LedTaskTCB                               0x2000065c   Data         196  main.o(.bss)
    LED_TASK_STK                             0x20000720   Data         512  main.o(.bss)
    DisplayTaskTCB                           0x20000920   Data         196  main.o(.bss)
    DISPLAY_TASK_STK                         0x200009e4   Data         512  main.o(.bss)
    StartTaskTCB                             0x20000be4   Data         196  main.o(.bss)
    START_TASK_STK                           0x20000ca8   Data         512  main.o(.bss)
    lcddev                                   0x20000ea8   Data          14  lcd.o(.bss)
    motor_model                              0x20000eb6   Data          14  straightmotorcontrol.o(.bss)
    motor_outline                            0x20000ec4   Data          14  straightmotorcontrol.o(.bss)
    motor_disable                            0x20000ed2   Data          14  straightmotorcontrol.o(.bss)
    motor_enable                             0x20000ee0   Data          14  straightmotorcontrol.o(.bss)
    motor_velocity                           0x20000eee   Data          14  straightmotorcontrol.o(.bss)
    motor_start                              0x20000efc   Data          14  straightmotorcontrol.o(.bss)
    motor_clearerror                         0x20000f0a   Data          14  straightmotorcontrol.o(.bss)
    motor_stop                               0x20000f18   Data          14  straightmotorcontrol.o(.bss)
    recv                                     0x20000f26   Data          10  straightmotorcontrol.o(.bss)
    recv_node1                               0x20000f30   Data          10  straightmotorcontrol.o(.bss)
    recv_node2                               0x20000f3a   Data          10  straightmotorcontrol.o(.bss)
    recv_node3                               0x20000f44   Data          10  straightmotorcontrol.o(.bss)
    recv_node4                               0x20000f4e   Data          10  straightmotorcontrol.o(.bss)
    RS485_RX_BUF                             0x20000f58   Data          64  rs485.o(.bss)
    USART3_TX_BUF                            0x20000f98   Data         400  usart3.o(.bss)
    RX_Frame_Descriptor                      0x20001128   Data          12  stm32f4x7_eth.o(.bss)
    USART_RX_BUF                             0x20001134   Data         200  usart.o(.bss)
    lwipdev                                  0x200011fc   Data          23  lwip_comm.o(.bss)
    lwip_netif                               0x20001214   Data          48  lwip_comm.o(.bss)
    LwipdhcpTaskTCB                          0x20001244   Data         196  lwip_comm.o(.bss)
    TcpipthreadTaskTCB                       0x20001454   Data         196  sys_arch.o(.bss)
    mem1base                                 0x200015a8   Data       102400  malloc.o(.bss)
    mem1mapbase                              0x2001a5a8   Data        6400  malloc.o(.bss)
    CPU_Name                                 0x2001bea8   Data          16  cpu_core.o(.bss)
    Mem_PoolHeap                             0x2001beb8   Data          72  lib_mem.o(.bss)
    Mem_Heap                                 0x2001bf00   Data        1024  lib_mem.o(.bss)
    OSCfg_IdleTaskStk                        0x2001c300   Data         512  os_cfg_app.o(.bss)
    OSCfg_ISRStk                             0x2001c500   Data         512  os_cfg_app.o(.bss)
    OSCfg_MsgPool                            0x2001c700   Data        1600  os_cfg_app.o(.bss)
    OSCfg_StatTaskStk                        0x2001cd40   Data         512  os_cfg_app.o(.bss)
    OSCfg_TickTaskStk                        0x2001cf40   Data         512  os_cfg_app.o(.bss)
    OSCfg_TickWheel                          0x2001d140   Data         136  os_cfg_app.o(.bss)
    OSCfg_TmrTaskStk                         0x2001d1c8   Data         512  os_cfg_app.o(.bss)
    OSCfg_TmrWheel                           0x2001d3c8   Data         136  os_cfg_app.o(.bss)
    OSIdleTaskTCB                            0x2001d450   Data         196  os_var.o(.bss)
    OSMsgPool                                0x2001d514   Data          12  os_var.o(.bss)
    OSRdyList                                0x2001d520   Data         384  os_var.o(.bss)
    OSStatTaskTCB                            0x2001d6a0   Data         196  os_var.o(.bss)
    OSTickTaskTCB                            0x2001d764   Data         196  os_var.o(.bss)
    OSTmrTaskTCB                             0x2001d828   Data         196  os_var.o(.bss)
    __libspace_start                         0x2001d8ec   Data          96  libspace.o(.bss)
    __temporary_stack_top$libspace           0x2001d94c   Data           0  libspace.o(.bss)
    mem2base                                 0x68000000   Data       204800  malloc.o(.ARM.__AT_0x68000000)
    mem2mapbase                              0x68032000   Data       12800  malloc.o(.ARM.__AT_0x68032000)



==============================================================================

Memory Map of the image

  Image Entry point : 0x08000189

  Load Region LR_IROM1 (Base: 0x08000000, Size: 0x00026544, Max: 0x00100000, ABSOLUTE, COMPRESSED[0x0002627c])

    Execution Region ER_IROM1 (Base: 0x08000000, Size: 0x000261ac, Max: 0x00100000, ABSOLUTE)

    Base Addr    Size         Type   Attr      Idx    E Section Name        Object

    0x08000000   0x00000188   Data   RO          874    RESET               startup_stm32f40_41xxx.o
    0x08000188   0x00000008   Code   RO         2853  * !!!main             c_w.l(__main.o)
    0x08000190   0x00000034   Code   RO         3278    !!!scatter          c_w.l(__scatter.o)
    0x080001c4   0x0000005a   Code   RO         3276    !!dczerorl2         c_w.l(__dczerorl2.o)
    0x0800021e   0x00000002   PAD
    0x08000220   0x0000001c   Code   RO         3280    !!handler_zi        c_w.l(__scatter_zi.o)
    0x0800023c   0x00000000   Code   RO         2832    .ARM.Collect$$_printf_percent$$00000000  c_w.l(_printf_percent.o)
    0x0800023c   0x00000006   Code   RO         2974    .ARM.Collect$$_printf_percent$$00000001  c_w.l(_printf_n.o)
    0x08000242   0x00000006   Code   RO         2975    .ARM.Collect$$_printf_percent$$00000002  c_w.l(_printf_p.o)
    0x08000248   0x00000006   Code   RO         2978    .ARM.Collect$$_printf_percent$$00000003  c_w.l(_printf_f.o)
    0x0800024e   0x00000006   Code   RO         2979    .ARM.Collect$$_printf_percent$$00000004  c_w.l(_printf_e.o)
    0x08000254   0x00000006   Code   RO         2980    .ARM.Collect$$_printf_percent$$00000005  c_w.l(_printf_g.o)
    0x0800025a   0x00000006   Code   RO         2981    .ARM.Collect$$_printf_percent$$00000006  c_w.l(_printf_a.o)
    0x08000260   0x0000000a   Code   RO         2986    .ARM.Collect$$_printf_percent$$00000007  c_w.l(_printf_ll.o)
    0x0800026a   0x00000006   Code   RO         2977    .ARM.Collect$$_printf_percent$$00000008  c_w.l(_printf_i.o)
    0x08000270   0x00000006   Code   RO         2830    .ARM.Collect$$_printf_percent$$00000009  c_w.l(_printf_d.o)
    0x08000276   0x00000006   Code   RO         2831    .ARM.Collect$$_printf_percent$$0000000A  c_w.l(_printf_u.o)
    0x0800027c   0x00000006   Code   RO         2976    .ARM.Collect$$_printf_percent$$0000000B  c_w.l(_printf_o.o)
    0x08000282   0x00000006   Code   RO         2829    .ARM.Collect$$_printf_percent$$0000000C  c_w.l(_printf_x.o)
    0x08000288   0x00000006   Code   RO         2983    .ARM.Collect$$_printf_percent$$0000000D  c_w.l(_printf_lli.o)
    0x0800028e   0x00000006   Code   RO         2984    .ARM.Collect$$_printf_percent$$0000000E  c_w.l(_printf_lld.o)
    0x08000294   0x00000006   Code   RO         2985    .ARM.Collect$$_printf_percent$$0000000F  c_w.l(_printf_llu.o)
    0x0800029a   0x00000006   Code   RO         2990    .ARM.Collect$$_printf_percent$$00000010  c_w.l(_printf_llo.o)
    0x080002a0   0x00000006   Code   RO         2991    .ARM.Collect$$_printf_percent$$00000011  c_w.l(_printf_llx.o)
    0x080002a6   0x0000000a   Code   RO         2987    .ARM.Collect$$_printf_percent$$00000012  c_w.l(_printf_l.o)
    0x080002b0   0x00000006   Code   RO         2827    .ARM.Collect$$_printf_percent$$00000013  c_w.l(_printf_c.o)
    0x080002b6   0x00000006   Code   RO         2828    .ARM.Collect$$_printf_percent$$00000014  c_w.l(_printf_s.o)
    0x080002bc   0x00000006   Code   RO         2988    .ARM.Collect$$_printf_percent$$00000015  c_w.l(_printf_lc.o)
    0x080002c2   0x00000006   Code   RO         2989    .ARM.Collect$$_printf_percent$$00000016  c_w.l(_printf_ls.o)
    0x080002c8   0x00000004   Code   RO         2982    .ARM.Collect$$_printf_percent$$00000017  c_w.l(_printf_percent_end.o)
    0x080002cc   0x00000002   Code   RO         3195    .ARM.Collect$$libinit$$00000000  c_w.l(libinit.o)
    0x080002ce   0x00000004   Code   RO         3101    .ARM.Collect$$libinit$$00000001  c_w.l(libinit2.o)
    0x080002d2   0x00000000   Code   RO         3104    .ARM.Collect$$libinit$$00000004  c_w.l(libinit2.o)
    0x080002d2   0x00000000   Code   RO         3107    .ARM.Collect$$libinit$$0000000A  c_w.l(libinit2.o)
    0x080002d2   0x00000000   Code   RO         3109    .ARM.Collect$$libinit$$0000000C  c_w.l(libinit2.o)
    0x080002d2   0x00000000   Code   RO         3111    .ARM.Collect$$libinit$$0000000E  c_w.l(libinit2.o)
    0x080002d2   0x00000006   Code   RO         3112    .ARM.Collect$$libinit$$0000000F  c_w.l(libinit2.o)
    0x080002d8   0x00000000   Code   RO         3114    .ARM.Collect$$libinit$$00000011  c_w.l(libinit2.o)
    0x080002d8   0x0000000c   Code   RO         3115    .ARM.Collect$$libinit$$00000012  c_w.l(libinit2.o)
    0x080002e4   0x00000000   Code   RO         3116    .ARM.Collect$$libinit$$00000013  c_w.l(libinit2.o)
    0x080002e4   0x00000000   Code   RO         3118    .ARM.Collect$$libinit$$00000015  c_w.l(libinit2.o)
    0x080002e4   0x0000000a   Code   RO         3119    .ARM.Collect$$libinit$$00000016  c_w.l(libinit2.o)
    0x080002ee   0x00000000   Code   RO         3120    .ARM.Collect$$libinit$$00000017  c_w.l(libinit2.o)
    0x080002ee   0x00000000   Code   RO         3122    .ARM.Collect$$libinit$$00000019  c_w.l(libinit2.o)
    0x080002ee   0x00000000   Code   RO         3124    .ARM.Collect$$libinit$$0000001B  c_w.l(libinit2.o)
    0x080002ee   0x00000000   Code   RO         3126    .ARM.Collect$$libinit$$0000001D  c_w.l(libinit2.o)
    0x080002ee   0x00000000   Code   RO         3128    .ARM.Collect$$libinit$$0000001F  c_w.l(libinit2.o)
    0x080002ee   0x00000000   Code   RO         3130    .ARM.Collect$$libinit$$00000021  c_w.l(libinit2.o)
    0x080002ee   0x00000000   Code   RO         3132    .ARM.Collect$$libinit$$00000023  c_w.l(libinit2.o)
    0x080002ee   0x00000000   Code   RO         3134    .ARM.Collect$$libinit$$00000025  c_w.l(libinit2.o)
    0x080002ee   0x00000000   Code   RO         3138    .ARM.Collect$$libinit$$0000002C  c_w.l(libinit2.o)
    0x080002ee   0x00000000   Code   RO         3140    .ARM.Collect$$libinit$$0000002E  c_w.l(libinit2.o)
    0x080002ee   0x00000000   Code   RO         3142    .ARM.Collect$$libinit$$00000030  c_w.l(libinit2.o)
    0x080002ee   0x00000000   Code   RO         3144    .ARM.Collect$$libinit$$00000032  c_w.l(libinit2.o)
    0x080002ee   0x00000002   Code   RO         3145    .ARM.Collect$$libinit$$00000033  c_w.l(libinit2.o)
    0x080002f0   0x00000002   Code   RO         3244    .ARM.Collect$$libshutdown$$00000000  c_w.l(libshutdown.o)
    0x080002f2   0x00000000   Code   RO         3261    .ARM.Collect$$libshutdown$$00000003  c_w.l(libshutdown2.o)
    0x080002f2   0x00000000   Code   RO         3264    .ARM.Collect$$libshutdown$$00000006  c_w.l(libshutdown2.o)
    0x080002f2   0x00000000   Code   RO         3267    .ARM.Collect$$libshutdown$$00000009  c_w.l(libshutdown2.o)
    0x080002f2   0x00000000   Code   RO         3269    .ARM.Collect$$libshutdown$$0000000B  c_w.l(libshutdown2.o)
    0x080002f2   0x00000000   Code   RO         3272    .ARM.Collect$$libshutdown$$0000000E  c_w.l(libshutdown2.o)
    0x080002f2   0x00000002   Code   RO         3273    .ARM.Collect$$libshutdown$$0000000F  c_w.l(libshutdown2.o)
    0x080002f4   0x00000000   Code   RO         2937    .ARM.Collect$$rtentry$$00000000  c_w.l(__rtentry.o)
    0x080002f4   0x00000000   Code   RO         3063    .ARM.Collect$$rtentry$$00000002  c_w.l(__rtentry2.o)
    0x080002f4   0x00000006   Code   RO         3075    .ARM.Collect$$rtentry$$00000004  c_w.l(__rtentry4.o)
    0x080002fa   0x00000000   Code   RO         3065    .ARM.Collect$$rtentry$$00000009  c_w.l(__rtentry2.o)
    0x080002fa   0x00000004   Code   RO         3066    .ARM.Collect$$rtentry$$0000000A  c_w.l(__rtentry2.o)
    0x080002fe   0x00000000   Code   RO         3068    .ARM.Collect$$rtentry$$0000000C  c_w.l(__rtentry2.o)
    0x080002fe   0x00000008   Code   RO         3069    .ARM.Collect$$rtentry$$0000000D  c_w.l(__rtentry2.o)
    0x08000306   0x00000002   Code   RO         3202    .ARM.Collect$$rtexit$$00000000  c_w.l(rtexit.o)
    0x08000308   0x00000000   Code   RO         3219    .ARM.Collect$$rtexit$$00000002  c_w.l(rtexit2.o)
    0x08000308   0x00000004   Code   RO         3220    .ARM.Collect$$rtexit$$00000003  c_w.l(rtexit2.o)
    0x0800030c   0x00000006   Code   RO         3221    .ARM.Collect$$rtexit$$00000004  c_w.l(rtexit2.o)
    0x08000312   0x00000002   PAD
    0x08000314   0x0000068c   Code   RO            3    .text               main.o
    0x080009a0   0x00000014   Code   RO          329    .text               stm32f4xx_it.o
    0x080009b4   0x00000210   Code   RO          378    .text               system_stm32f4xx.o
    0x08000bc4   0x000000e0   Code   RO          404    .text               key.o
    0x08000ca4   0x00000084   Code   RO          425    .text               led.o
    0x08000d28   0x0000008c   Code   RO          445    .text               timer.o
    0x08000db4   0x00004ca8   Code   RO          469    .text               lcd.o
    0x08005a5c   0x00000390   Code   RO          507    .text               lan8720.o
    0x08005dec   0x000002a4   Code   RO          538    .text               sram.o
    0x08006090   0x00000040   Code   RO          578    .text               beep.o
    0x080060d0   0x00000096   Code   RO          671    .text               check.o
    0x08006166   0x00000002   PAD
    0x08006168   0x00000c70   Code   RO          691    .text               straightmotorcontrol.o
    0x08006dd8   0x000000b0   Code   RO          767    .text               dma.o
    0x08006e88   0x000004c8   Code   RO          787    .text               encoder.o
    0x08007350   0x000001d0   Code   RO          813    .text               rs485.o
    0x08007520   0x00000180   Code   RO          840    .text               usart3.o
    0x080076a0   0x00000040   Code   RO          875    .text               startup_stm32f40_41xxx.o
    0x080076e0   0x000000e0   Code   RO          881    .text               misc.o
    0x080077c0   0x00000294   Code   RO          901    .text               stm32f4xx_gpio.o
    0x08007a54   0x0000065c   Code   RO          921    .text               stm32f4xx_rcc.o
    0x080080b0   0x00000094   Code   RO          943    .text               stm32f4xx_syscfg.o
    0x08008144   0x00000ca2   Code   RO          963    .text               stm32f4xx_tim.o
    0x08008de6   0x00000002   PAD
    0x08008de8   0x00000454   Code   RO          983    .text               stm32f4xx_usart.o
    0x0800923c   0x00000e40   Code   RO         1003    .text               stm32f4x7_eth.o
    0x0800a07c   0x000005c8   Code   RO         1050    .text               stm32f4xx_fsmc.o
    0x0800a644   0x000003a8   Code   RO         1133    .text               stm32f4xx_dma.o
    0x0800a9ec   0x0000014c   Code   RO         1153    .text               delay.o
    0x0800ab38   0x00000158   Code   RO         1193    .text               usart.o
    0x0800ac90   0x00000c3c   Code   RO         1224    .text               usmart.o
    0x0800b8cc   0x00000528   Code   RO         1269    .text               usmart_str.o
    0x0800bdf4   0x00000324   Code   RO         1289    .text               lwip_comm.o
    0x0800c118   0x00000e7c   Code   RO         1463    .text               etharp.o
    0x0800cf94   0x00000228   Code   RO         1507    .text               ethernetif.o
    0x0800d1bc   0x00000424   Code   RO         1559    .text               icmp.o
    0x0800d5e0   0x000002b4   Code   RO         1613    .text               inet_chksum.o
    0x0800d894   0x00000400   Code   RO         1633    .text               ip.o
    0x0800dc94   0x0000032c   Code   RO         1675    .text               ip_addr.o
    0x0800dfc0   0x00000a28   Code   RO         1709    .text               ip_frag.o
    0x0800e9e8   0x0000003e   Code   RO         1731    .text               def.o
    0x0800ea26   0x00000024   Code   RO         1779    .text               init.o
    0x0800ea4a   0x00000002   PAD
    0x0800ea4c   0x000001d4   Code   RO         1817    .text               memp.o
    0x0800ec20   0x00000334   Code   RO         1858    .text               netif.o
    0x0800ef54   0x000010a8   Code   RO         1888    .text               pbuf.o
    0x0800fffc   0x0000024c   Code   RO         1908    .text               raw.o
    0x08010248   0x0000148c   Code   RO         1944    .text               tcp.o
    0x080116d4   0x00001878   Code   RO         1976    .text               tcp_in.o
    0x08012f4c   0x00001346   Code   RO         2007    .text               tcp_out.o
    0x08014292   0x00000002   PAD
    0x08014294   0x000002dc   Code   RO         2028    .text               timers.o
    0x08014570   0x000005b4   Code   RO         2050    .text               udp.o
    0x08014b24   0x00000744   Code   RO         2076    .text               mem.o
    0x08015268   0x00000490   Code   RO         2100    .text               sys_arch.o
    0x080156f8   0x00000c10   Code   RO         2137    .text               api_lib.o
    0x08016308   0x00001854   Code   RO         2176    .text               api_msg.o
    0x08017b5c   0x000003b0   Code   RO         2219    .text               netbuf.o
    0x08017f0c   0x00001c70   Code   RO         2270    .text               sockets.o
    0x08019b7c   0x000003b8   Code   RO         2294    .text               tcpip.o
    0x08019f34   0x00000234   Code   RO         2326    .text               malloc.o
    0x0801a168   0x00000084   Code   RO         2358    .text               bsp.o
    0x0801a1ec   0x000002a8   Code   RO         2391    .text               cpu_core.o
    0x0801a494   0x00000034   Code   RO         2417    .text               cpu_a.o
    0x0801a4c8   0x00000256   Code   RO         2420    .text               lib_ascii.o
    0x0801a71e   0x00000002   PAD
    0x0801a720   0x000009c6   Code   RO         2453    .text               lib_mem.o
    0x0801b0e6   0x00000002   PAD
    0x0801b0e8   0x0000092c   Code   RO         2472    .text               lib_str.o
    0x0801ba14   0x00000220   Code   RO         2489    .text               lib_mem_a.o
    0x0801bc34   0x000000d0   Code   RO         2492    .text               os_cfg_app.o
    0x0801bd04   0x00000d94   Code   RO         2512    .text               os_core.o
    0x0801ca98   0x000001a8   Code   RO         2524    .text               os_dbg.o
    0x0801cc40   0x00000af8   Code   RO         2539    .text               os_flag.o
    0x0801d738   0x000001fc   Code   RO         2557    .text               os_mem.o
    0x0801d934   0x0000022c   Code   RO         2569    .text               os_msg.o
    0x0801db60   0x0000078c   Code   RO         2581    .text               os_mutex.o
    0x0801e2ec   0x0000007c   Code   RO         2599    .text               os_prio.o
    0x0801e368   0x000006d8   Code   RO         2618    .text               os_q.o
    0x0801ea40   0x000006e8   Code   RO         2630    .text               os_sem.o
    0x0801f128   0x000005a8   Code   RO         2642    .text               os_stat.o
    0x0801f6d0   0x0000135c   Code   RO         2654    .text               os_task.o
    0x08020a2c   0x00000484   Code   RO         2666    .text               os_tick.o
    0x08020eb0   0x0000045c   Code   RO         2678    .text               os_time.o
    0x0802130c   0x000007dc   Code   RO         2690    .text               os_tmr.o
    0x08021ae8   0x000003f8   Code   RO         2718    .text               os_cpu_c.o
    0x08021ee0   0x00000002   Code   RO         2762    .text               c_w.l(use_no_semi_2.o)
    0x08021ee2   0x00000002   PAD
    0x08021ee4   0x00000010   Code   RO         2764    .text               c_w.l(rt_ctype_table.o)
    0x08021ef4   0x000000ee   Code   RO         2766    .text               c_w.l(lludivv7m.o)
    0x08021fe2   0x00000002   PAD
    0x08021fe4   0x00000024   Code   RO         2768    .text               c_w.l(vsprintf.o)
    0x08022008   0x00000018   Code   RO         2770    .text               c_w.l(__2printf.o)
    0x08022020   0x0000002c   Code   RO         2772    .text               c_w.l(__2sprintf.o)
    0x0802204c   0x0000004e   Code   RO         2780    .text               c_w.l(_printf_pad.o)
    0x0802209a   0x00000052   Code   RO         2782    .text               c_w.l(_printf_str.o)
    0x080220ec   0x00000078   Code   RO         2784    .text               c_w.l(_printf_dec.o)
    0x08022164   0x00000094   Code   RO         2804    .text               c_w.l(_printf_hex_int_ll_ptr.o)
    0x080221f8   0x00000188   Code   RO         2824    .text               c_w.l(__printf_flags_ss_wp.o)
    0x08022380   0x00000058   Code   RO         2833    .text               c_w.l(memcmp.o)
    0x080223d8   0x0000003e   Code   RO         2835    .text               c_w.l(strlen.o)
    0x08022416   0x00000096   Code   RO         2837    .text               c_w.l(strncmp.o)
    0x080224ac   0x0000008a   Code   RO         2839    .text               c_w.l(rt_memcpy_v6.o)
    0x08022536   0x00000064   Code   RO         2841    .text               c_w.l(rt_memcpy_w.o)
    0x0802259a   0x00000044   Code   RO         2843    .text               c_w.l(rt_memclr.o)
    0x080225de   0x0000004e   Code   RO         2845    .text               c_w.l(rt_memclr_w.o)
    0x0802262c   0x00000056   Code   RO         2847    .text               c_w.l(strncpy.o)
    0x08022682   0x00000002   PAD
    0x08022684   0x00000080   Code   RO         2849    .text               c_w.l(strcmpv7m.o)
    0x08022704   0x00000006   Code   RO         2851    .text               c_w.l(heapauxi.o)
    0x0802270a   0x00000002   Code   RO         2935    .text               c_w.l(use_no_semi.o)
    0x0802270c   0x00000008   Code   RO         2945    .text               c_w.l(rt_locale_intlibspace.o)
    0x08022714   0x00000024   Code   RO         2949    .text               c_w.l(_printf_truncate.o)
    0x08022738   0x000000b2   Code   RO         2951    .text               c_w.l(_printf_intcommon.o)
    0x080227ea   0x00000028   Code   RO         2953    .text               c_w.l(_printf_charcount.o)
    0x08022812   0x00000002   PAD
    0x08022814   0x00000030   Code   RO         2955    .text               c_w.l(_printf_char_common.o)
    0x08022844   0x0000000a   Code   RO         2957    .text               c_w.l(_sputc.o)
    0x0802284e   0x0000002c   Code   RO         2959    .text               c_w.l(_printf_char.o)
    0x0802287a   0x00000002   PAD
    0x0802287c   0x00000024   Code   RO         2961    .text               c_w.l(_printf_char_file.o)
    0x080228a0   0x000000bc   Code   RO         2963    .text               c_w.l(_printf_wctomb.o)
    0x0802295c   0x0000007c   Code   RO         2966    .text               c_w.l(_printf_longlong_dec.o)
    0x080229d8   0x00000070   Code   RO         2972    .text               c_w.l(_printf_oct_int_ll.o)
    0x08022a48   0x00000008   Code   RO         3059    .text               c_w.l(libspace.o)
    0x08022a50   0x0000008a   Code   RO         3084    .text               c_w.l(lludiv10.o)
    0x08022ada   0x0000041a   Code   RO         3086    .text               c_w.l(_printf_fp_dec.o)
    0x08022ef4   0x000002fc   Code   RO         3088    .text               c_w.l(_printf_fp_hex.o)
    0x080231f0   0x0000002c   Code   RO         3093    .text               c_w.l(_printf_wchar.o)
    0x0802321c   0x00000008   Code   RO         3095    .text               c_w.l(ferror.o)
    0x08023224   0x00000040   Code   RO         3099    .text               c_w.l(_wcrtomb.o)
    0x08023264   0x0000004a   Code   RO         3150    .text               c_w.l(sys_stackheap_outer.o)
    0x080232ae   0x00000002   PAD
    0x080232b0   0x00000080   Code   RO         3152    .text               c_w.l(_printf_fp_infnan.o)
    0x08023330   0x000000dc   Code   RO         3154    .text               c_w.l(bigflt0.o)
    0x0802340c   0x0000000c   Code   RO         3182    .text               c_w.l(exit.o)
    0x08023418   0x0000003e   Code   RO         3157    CL$$btod_d2e        c_w.l(btod.o)
    0x08023456   0x00000046   Code   RO         3159    CL$$btod_d2e_denorm_low  c_w.l(btod.o)
    0x0802349c   0x00000060   Code   RO         3158    CL$$btod_d2e_norm_op1  c_w.l(btod.o)
    0x080234fc   0x00000338   Code   RO         3167    CL$$btod_div_common  c_w.l(btod.o)
    0x08023834   0x000000c6   Code   RO         3164    CL$$btod_e2e        c_w.l(btod.o)
    0x080238fa   0x00000028   Code   RO         3161    CL$$btod_ediv       c_w.l(btod.o)
    0x08023922   0x00000028   Code   RO         3160    CL$$btod_emul       c_w.l(btod.o)
    0x0802394a   0x00000244   Code   RO         3166    CL$$btod_mult_common  c_w.l(btod.o)
    0x08023b8e   0x00000002   PAD
    0x08023b90   0x000000ac   Code   RO         2742    CODE                os_cpu_a.o
    0x08023c3c   0x00000030   Code   RO         3043    i.__ARM_fpclassify  m_wm.l(fpclassify.o)
    0x08023c6c   0x0000000e   Code   RO         2817    i._is_digit         c_w.l(__printf_wp.o)
    0x08023c7a   0x00000002   PAD
    0x08023c7c   0x0000002c   Code   RO         2993    locale$$code        c_w.l(lc_ctype_c.o)
    0x08023ca8   0x0000002c   Code   RO         3180    locale$$code        c_w.l(lc_numeric_c.o)
    0x08023cd4   0x0000005a   Code   RO         2869    x$fpl$dfixu         fz_wm.l(dfixu.o)
    0x08023d2e   0x00000026   Code   RO         2873    x$fpl$dfltu         fz_wm.l(dflt_clz.o)
    0x08023d54   0x00000154   Code   RO         2879    x$fpl$dmul          fz_wm.l(dmul.o)
    0x08023ea8   0x0000009c   Code   RO         2999    x$fpl$dnaninf       fz_wm.l(dnaninf.o)
    0x08023f44   0x0000000c   Code   RO         3001    x$fpl$dretinf       fz_wm.l(dretinf.o)
    0x08023f50   0x0000000a   Code   RO         3196    x$fpl$fpinit        fz_wm.l(fpinit.o)
    0x08023f5a   0x00000004   Code   RO         3009    x$fpl$printf1       fz_wm.l(printf1.o)
    0x08023f5e   0x00000004   Code   RO         3011    x$fpl$printf2       fz_wm.l(printf2.o)
    0x08023f62   0x00000000   Code   RO         3019    x$fpl$usenofp       fz_wm.l(usenofp.o)
    0x08023f62   0x00000002   PAD
    0x08023f64   0x000000a0   Data   RO            5    .constdata          main.o
    0x08024004   0x000017c0   Data   RO          471    .constdata          lcd.o
    0x080257c4   0x0000001c   Data   RO         1051    .constdata          stm32f4xx_fsmc.o
    0x080257e0   0x0000000c   Data   RO         1465    .constdata          etharp.o
    0x080257ec   0x00000038   Data   RO         1819    .constdata          memp.o
    0x08025824   0x00000050   Data   RO         1945    .constdata          tcp.o
    0x08025874   0x00000004   Data   RO         2102    .constdata          sys_arch.o
    0x08025878   0x00000040   Data   RO         2272    .constdata          sockets.o
    0x080258b8   0x00000024   Data   RO         2332    .constdata          malloc.o
    0x080258dc   0x00000104   Data   RO         2393    .constdata          cpu_core.o
    0x080259e0   0x00000094   Data   RO         2473    .constdata          lib_str.o
    0x08025a74   0x000000a4   Data   RO         2494    .constdata          os_cfg_app.o
    0x08025b18   0x0000016c   Data   RO         2525    .constdata          os_dbg.o
    0x08025c84   0x00000028   Data   RO         2805    .constdata          c_w.l(_printf_hex_int_ll_ptr.o)
    0x08025cac   0x00000011   Data   RO         2825    .constdata          c_w.l(__printf_flags_ss_wp.o)
    0x08025cbd   0x00000003   PAD
    0x08025cc0   0x00000008   Data   RO         2964    .constdata          c_w.l(_printf_wctomb.o)
    0x08025cc8   0x00000026   Data   RO         3089    .constdata          c_w.l(_printf_fp_hex.o)
    0x08025cee   0x00000002   PAD
    0x08025cf0   0x00000094   Data   RO         3155    .constdata          c_w.l(bigflt0.o)
    0x08025d84   0x00000028   Data   RO         1225    .conststring        usmart.o
    0x08025dac   0x00000107   Data   RO         1248    .conststring        usmart_config.o
    0x08025eb3   0x00000001   PAD
    0x08025eb4   0x00000044   Data   RO         1466    .conststring        etharp.o
    0x08025ef8   0x000000a0   Data   RO         1820    .conststring        memp.o
    0x08025f98   0x0000006d   Data   RO         1946    .conststring        tcp.o
    0x08026005   0x00000003   PAD
    0x08026008   0x00000055   Data   RO         2008    .conststring        tcp_out.o
    0x0802605d   0x00000003   PAD
    0x08026060   0x00000020   Data   RO         3274    Region$$Table       anon$$obj.o
    0x08026080   0x00000110   Data   RO         2992    locale$$data        c_w.l(lc_ctype_c.o)
    0x08026190   0x0000001c   Data   RO         3179    locale$$data        c_w.l(lc_numeric_c.o)


    Execution Region RW_IRAM1 (Base: 0x20000000, Size: 0x0001df50, Max: 0x00020000, ABSOLUTE, COMPRESSED[0x000000d0])

    Base Addr    Size         Type   Attr      Idx    E Section Name        Object

    0x20000000   0x00000001   Data   RW            6    .data               main.o
    0x20000001   0x00000003   PAD
    0x20000004   0x00000014   Data   RW          379    .data               system_stm32f4xx.o
    0x20000018   0x00000001   Data   RW          405    .data               key.o
    0x20000019   0x00000001   PAD
    0x2000001a   0x00000004   Data   RW          472    .data               lcd.o
    0x2000001e   0x00000002   PAD
    0x20000020   0x00000010   Data   RW          508    .data               lan8720.o
    0x20000030   0x00000001   Data   RW          693    .data               straightmotorcontrol.o
    0x20000031   0x00000003   PAD
    0x20000034   0x0000001c   Data   RW          788    .data               encoder.o
    0x20000050   0x00000001   Data   RW          815    .data               rs485.o
    0x20000051   0x00000001   PAD
    0x20000052   0x0000000a   Data   RW          842    .data               usart3.o
    0x2000005c   0x00000010   Data   RW          922    .data               stm32f4xx_rcc.o
    0x2000006c   0x00000010   Data   RW         1005    .data               stm32f4x7_eth.o
    0x2000007c   0x00000004   Data   RW         1154    .data               delay.o
    0x20000080   0x00000006   Data   RW         1195    .data               usart.o
    0x20000086   0x00000002   PAD
    0x20000088   0x0000001c   Data   RW         1226    .data               usmart.o
    0x200000a4   0x00000124   Data   RW         1249    .data               usmart_config.o
    0x200001c8   0x00000008   Data   RW         1291    .data               lwip_comm.o
    0x200001d0   0x00000001   Data   RW         1467    .data               etharp.o
    0x200001d1   0x00000003   PAD
    0x200001d4   0x00000012   Data   RW         1634    .data               ip.o
    0x200001e6   0x00000002   PAD
    0x200001e8   0x00000006   Data   RW         1710    .data               ip_frag.o
    0x200001ee   0x00000002   PAD
    0x200001f0   0x0000003c   Data   RW         1821    .data               memp.o
    0x2000022c   0x00000009   Data   RW         1859    .data               netif.o
    0x20000235   0x00000003   PAD
    0x20000238   0x00000004   Data   RW         1909    .data               raw.o
    0x2000023c   0x00000024   Data   RW         1947    .data               tcp.o
    0x20000260   0x00000020   Data   RW         1978    .data               tcp_in.o
    0x20000280   0x00000008   Data   RW         2029    .data               timers.o
    0x20000288   0x00000008   Data   RW         2051    .data               udp.o
    0x20000290   0x00000010   Data   RW         2078    .data               mem.o
    0x200002a0   0x00000008   Data   RW         2273    .data               sockets.o
    0x200002a8   0x00000008   Data   RW         2296    .data               tcpip.o
    0x200002b0   0x00000024   Data   RW         2333    .data               malloc.o
    0x200002d4   0x00000004   Data   RW         2394    .data               cpu_core.o
    0x200002d8   0x00000004   Data   RW         2455    .data               lib_mem.o
    0x200002dc   0x00000004   Data   RW         2600    .data               os_prio.o
    0x200002e0   0x000000b4   Data   RW         2703    .data               os_var.o
    0x20000394   0x00000004   Data   RW         2719    .data               os_cpu_c.o
    0x20000398   0x00000b10   Zero   RW            4    .bss                main.o
    0x20000ea8   0x0000000e   Zero   RW          470    .bss                lcd.o
    0x20000eb6   0x000000a2   Zero   RW          692    .bss                straightmotorcontrol.o
    0x20000f58   0x00000040   Zero   RW          814    .bss                rs485.o
    0x20000f98   0x00000190   Zero   RW          841    .bss                usart3.o
    0x20001128   0x0000000c   Zero   RW         1004    .bss                stm32f4x7_eth.o
    0x20001134   0x000000c8   Zero   RW         1194    .bss                usart.o
    0x200011fc   0x0000010c   Zero   RW         1290    .bss                lwip_comm.o
    0x20001308   0x000000c8   Zero   RW         1464    .bss                etharp.o
    0x200013d0   0x00000010   Zero   RW         1676    .bss                ip_addr.o
    0x200013e0   0x00000038   Zero   RW         1818    .bss                memp.o
    0x20001418   0x00000014   Zero   RW         1977    .bss                tcp_in.o
    0x2000142c   0x00000028   Zero   RW         2077    .bss                mem.o
    0x20001454   0x000000c4   Zero   RW         2101    .bss                sys_arch.o
    0x20001518   0x00000060   Zero   RW         2271    .bss                sockets.o
    0x20001578   0x00000030   Zero   RW         2295    .bss                tcpip.o
    0x200015a8   0x0001a900   Zero   RW         2331    .bss                malloc.o
    0x2001bea8   0x00000010   Zero   RW         2392    .bss                cpu_core.o
    0x2001beb8   0x00000448   Zero   RW         2454    .bss                lib_mem.o
    0x2001c300   0x00001150   Zero   RW         2493    .bss                os_cfg_app.o
    0x2001d450   0x0000049c   Zero   RW         2702    .bss                os_var.o
    0x2001d8ec   0x00000060   Zero   RW         3060    .bss                c_w.l(libspace.o)
    0x2001d94c   0x00000004   PAD
    0x2001d950   0x00000200   Zero   RW          873    HEAP                startup_stm32f40_41xxx.o
    0x2001db50   0x00000400   Zero   RW          872    STACK               startup_stm32f40_41xxx.o



  Load Region LR$$.ARM.__AT_0x10000000 (Base: 0x10000000, Size: 0x00000000, Max: 0x0000f000, ABSOLUTE)

    Execution Region ER$$.ARM.__AT_0x10000000 (Base: 0x10000000, Size: 0x0000f000, Max: 0x0000f000, ABSOLUTE, UNINIT)

    Base Addr    Size         Type   Attr      Idx    E Section Name        Object

    0x10000000   0x0000f000   Zero   RW         2327    .ARM.__AT_0x10000000  malloc.o



  Load Region LR$$.ARM.__AT_0x1000F000 (Base: 0x1000f000, Size: 0x00000000, Max: 0x00000f00, ABSOLUTE)

    Execution Region ER$$.ARM.__AT_0x1000F000 (Base: 0x1000f000, Size: 0x00000f00, Max: 0x00000f00, ABSOLUTE, UNINIT)

    Base Addr    Size         Type   Attr      Idx    E Section Name        Object

    0x1000f000   0x00000f00   Zero   RW         2328    .ARM.__AT_0x1000F000  malloc.o



  Load Region LR$$.ARM.__AT_0x68000000 (Base: 0x68000000, Size: 0x00000000, Max: 0x00032000, ABSOLUTE)

    Execution Region ER$$.ARM.__AT_0x68000000 (Base: 0x68000000, Size: 0x00032000, Max: 0x00032000, ABSOLUTE, UNINIT)

    Base Addr    Size         Type   Attr      Idx    E Section Name        Object

    0x68000000   0x00032000   Zero   RW         2329    .ARM.__AT_0x68000000  malloc.o



  Load Region LR$$.ARM.__AT_0x68032000 (Base: 0x68032000, Size: 0x00000000, Max: 0x00003200, ABSOLUTE)

    Execution Region ER$$.ARM.__AT_0x68032000 (Base: 0x68032000, Size: 0x00003200, Max: 0x00003200, ABSOLUTE, UNINIT)

    Base Addr    Size         Type   Attr      Idx    E Section Name        Object

    0x68032000   0x00003200   Zero   RW         2330    .ARM.__AT_0x68032000  malloc.o


==============================================================================

Image component sizes


      Code (inc. data)   RO Data    RW Data    ZI Data      Debug   Object Name

      3088        820          0          0          0      17473   api_lib.o
      6228       1226          0          0          0      10143   api_msg.o
        64          4          0          0          0        516   beep.o
       132         14          0          0          0       1191   bsp.o
       150          0          0          0          0       1639   check.o
        52          0          0          0          0        316   cpu_a.o
       680         14        260          4         16      14539   cpu_core.o
        62          0          0          0          0       1214   def.o
       332         26          0          4          0       1809   delay.o
       176          6          0          0          0       1280   dma.o
      1224        160          0         28          0       2338   encoder.o
      3708        604         80          1        200      10451   etharp.o
       552        134          0          0          0       4686   ethernetif.o
      1060        372          0          0          0       2626   icmp.o
         0          0          0          0          0       1848   inet.o
       692        104          0          0          0       2969   inet_chksum.o
        36          0          0          0          0       4552   init.o
      1024        174          0         18          0       6823   ip.o
       812        112          0          0         16      10267   ip_addr.o
      2600        486          0          6          0       6656   ip_frag.o
       224         20          0          1          0        844   key.o
       912         56          0         16          0       3681   lan8720.o
     19624        168       6080          4         14      22166   lcd.o
       132         10          0          0          0        823   led.o
       598          0          0          0          0       3764   lib_ascii.o
      2502         32          0          4       1096      21840   lib_mem.o
       544          0          0          0          0        460   lib_mem_a.o
      2348          6        148          0          0      13130   lib_str.o
       804        248          0          8        268      26099   lwip_comm.o
      1676        326        160          1       2832     384585   main.o
       564         18         36         36     391680       4779   malloc.o
      1860        568          0         16         40       4082   mem.o
       468        196        216         60         56       3080   memp.o
       224         20          0          0          0       1929   misc.o
       944        340          0          0          0       2977   netbuf.o
       820        126          0          9          0       6301   netif.o
       208        136        164          0       4432      19638   os_cfg_app.o
      3476        272          0          0          0      11983   os_core.o
       172         32          0          0          0        384   os_cpu_a.o
      1016         64          0          4          0       3961   os_cpu_c.o
       424        280        364          0          0       4721   os_dbg.o
      2808         84          0          0          0       7587   os_flag.o
       508         16          0          0          0       2740   os_mem.o
       556         12          0          0          0       2771   os_msg.o
      1932         84          0          0          0       5274   os_mutex.o
       124          4          0          4          0       1864   os_prio.o
      1752         58          0          0          0       6088   os_q.o
      1768         58          0          0          0       6124   os_sem.o
      1448        150          0          0          0       2729   os_stat.o
      4956        188          0          0          0      12858   os_task.o
      1156         74          0          0          0       3321   os_tick.o
      1116         54          0          0          0       3057   os_time.o
      2012        134          0          0          0       6402   os_tmr.o
         0          0          0        180       1180      18081   os_var.o
      4264       1236          0          0          0       9229   pbuf.o
       588        134          0          4          0       3321   raw.o
       464         24          0          1         64       2190   rs485.o
      7280        666         64          8         96      17470   sockets.o
       676         18          0          0          0       2205   sram.o
        64         26        392          0       1536        824   startup_stm32f40_41xxx.o
      3648         96          0         16         12      19682   stm32f4x7_eth.o
       936         32          0          0          0       6405   stm32f4xx_dma.o
      1480         18         28          0          0       5738   stm32f4xx_fsmc.o
       660         44          0          0          0       4201   stm32f4xx_gpio.o
        20          0          0          0          0        931   stm32f4xx_it.o
      1628         52          0         16          0      13004   stm32f4xx_rcc.o
       148         12          0          0          0       1885   stm32f4xx_syscfg.o
      3234         60          0          0          0      22404   stm32f4xx_tim.o
      1108         34          0          0          0       7904   stm32f4xx_usart.o
      3184         96          0          1        162       4644   straightmotorcontrol.o
      1168        238          4          0        196       6289   sys_arch.o
       528         46          0         20          0       1735   system_stm32f4xx.o
      5260       1092        189         36          0      21611   tcp.o
      6264        964          0         32         20      15019   tcp_in.o
      4934        954         85          0          0       9675   tcp_out.o
         0          0          0          0          0       4772   tcp_server_demo.o
       952        194          0          8         48       9784   tcpip.o
       140         10          0          0          0        796   timer.o
       732        178          0          8          0       3207   timers.o
      1460        204          0          8          0       6902   udp.o
       344         16          0          6        200       3266   usart.o
       384         26          0         10        400       2514   usart3.o
      3132       1290         40         28          0       4238   usmart.o
         0          0        263        292          0       1544   usmart_config.o
      1320         12          0          0          0       5137   usmart_str.o

    ----------------------------------------------------------------------
    138360      15862       8612        920     404564     941985   Object Totals
         0          0         32          0          0          0   (incl. Generated)
        12          0          7         22          0          0   (incl. Padding)

    ----------------------------------------------------------------------

      Code (inc. data)   RO Data    RW Data    ZI Data      Debug   Library Member Name

        24          4          0          0          0         84   __2printf.o
        44          6          0          0          0         84   __2sprintf.o
        90          0          0          0          0          0   __dczerorl2.o
         8          0          0          0          0         68   __main.o
       392          4         17          0          0         92   __printf_flags_ss_wp.o
        14          0          0          0          0         68   __printf_wp.o
         0          0          0          0          0          0   __rtentry.o
        12          0          0          0          0          0   __rtentry2.o
         6          0          0          0          0          0   __rtentry4.o
        52          8          0          0          0          0   __scatter.o
        28          0          0          0          0          0   __scatter_zi.o
         6          0          0          0          0          0   _printf_a.o
         6          0          0          0          0          0   _printf_c.o
        44          0          0          0          0        108   _printf_char.o
        48          6          0          0          0         96   _printf_char_common.o
        36          4          0          0          0         80   _printf_char_file.o
        40          0          0          0          0         68   _printf_charcount.o
         6          0          0          0          0          0   _printf_d.o
       120         16          0          0          0         92   _printf_dec.o
         6          0          0          0          0          0   _printf_e.o
         6          0          0          0          0          0   _printf_f.o
      1050          0          0          0          0        216   _printf_fp_dec.o
       764         10         38          0          0        100   _printf_fp_hex.o
       128         16          0          0          0         84   _printf_fp_infnan.o
         6          0          0          0          0          0   _printf_g.o
       148          4         40          0          0        160   _printf_hex_int_ll_ptr.o
         6          0          0          0          0          0   _printf_i.o
       178          0          0          0          0         88   _printf_intcommon.o
        10          0          0          0          0          0   _printf_l.o
         6          0          0          0          0          0   _printf_lc.o
        10          0          0          0          0          0   _printf_ll.o
         6          0          0          0          0          0   _printf_lld.o
         6          0          0          0          0          0   _printf_lli.o
         6          0          0          0          0          0   _printf_llo.o
         6          0          0          0          0          0   _printf_llu.o
         6          0          0          0          0          0   _printf_llx.o
       124         16          0          0          0         92   _printf_longlong_dec.o
         6          0          0          0          0          0   _printf_ls.o
         6          0          0          0          0          0   _printf_n.o
         6          0          0          0          0          0   _printf_o.o
       112          8          0          0          0        124   _printf_oct_int_ll.o
         6          0          0          0          0          0   _printf_p.o
        78          0          0          0          0        108   _printf_pad.o
         0          0          0          0          0          0   _printf_percent.o
         4          0          0          0          0          0   _printf_percent_end.o
         6          0          0          0          0          0   _printf_s.o
        82          0          0          0          0         80   _printf_str.o
        36          0          0          0          0         84   _printf_truncate.o
         6          0          0          0          0          0   _printf_u.o
        44          0          0          0          0        108   _printf_wchar.o
       188          6          8          0          0         92   _printf_wctomb.o
         6          0          0          0          0          0   _printf_x.o
        10          0          0          0          0         68   _sputc.o
        64          0          0          0          0         92   _wcrtomb.o
       220          4        148          0          0         96   bigflt0.o
      1910        128          0          0          0        672   btod.o
        12          0          0          0          0         72   exit.o
         8          0          0          0          0         68   ferror.o
         6          0          0          0          0        152   heapauxi.o
        44         10        272          0          0         76   lc_ctype_c.o
        44         10         28          0          0         76   lc_numeric_c.o
         2          0          0          0          0          0   libinit.o
        34          0          0          0          0          0   libinit2.o
         2          0          0          0          0          0   libshutdown.o
         2          0          0          0          0          0   libshutdown2.o
         8          4          0          0         96         68   libspace.o
       138          0          0          0          0         80   lludiv10.o
       238          0          0          0          0        100   lludivv7m.o
        88          0          0          0          0         76   memcmp.o
        16          4          0          0          0         76   rt_ctype_table.o
         8          4          0          0          0         68   rt_locale_intlibspace.o
        68          0          0          0          0         68   rt_memclr.o
        78          0          0          0          0         80   rt_memclr_w.o
       138          0          0          0          0         68   rt_memcpy_v6.o
       100          0          0          0          0         80   rt_memcpy_w.o
         2          0          0          0          0          0   rtexit.o
        10          0          0          0          0          0   rtexit2.o
       128          0          0          0          0         68   strcmpv7m.o
        62          0          0          0          0         76   strlen.o
       150          0          0          0          0         80   strncmp.o
        86          0          0          0          0         76   strncpy.o
        74          0          0          0          0         80   sys_stackheap_outer.o
         2          0          0          0          0         68   use_no_semi.o
         2          0          0          0          0         68   use_no_semi_2.o
        36          4          0          0          0         76   vsprintf.o
        90          4          0          0          0        140   dfixu.o
        38          0          0          0          0        116   dflt_clz.o
       340         12          0          0          0        152   dmul.o
       156          4          0          0          0        140   dnaninf.o
        12          0          0          0          0        116   dretinf.o
        10          0          0          0          0        116   fpinit.o
         4          0          0          0          0        116   printf1.o
         4          0          0          0          0        116   printf2.o
         0          0          0          0          0          0   usenofp.o
        48          0          0          0          0        124   fpclassify.o

    ----------------------------------------------------------------------
      8548        296        556          0        100       6040   Library Totals
        22          0          5          0          4          0   (incl. Padding)

    ----------------------------------------------------------------------

      Code (inc. data)   RO Data    RW Data    ZI Data      Debug   Library Name

      7824        276        551          0         96       4904   c_w.l
       654         20          0          0          0       1012   fz_wm.l
        48          0          0          0          0        124   m_wm.l

    ----------------------------------------------------------------------
      8548        296        556          0        100       6040   Library Totals

    ----------------------------------------------------------------------

==============================================================================


      Code (inc. data)   RO Data    RW Data    ZI Data      Debug   

    146908      16158       9168        920     404664     927669   Grand Totals
    146908      16158       9168        208     404664     927669   ELF Image Totals (compressed)
    146908      16158       9168        208          0          0   ROM Totals

==============================================================================

    Total RO  Size (Code + RO Data)               156076 ( 152.42kB)
    Total RW  Size (RW Data + ZI Data)            405584 ( 396.08kB)
    Total ROM Size (Code + RO Data + RW Data)     156284 ( 152.62kB)

==============================================================================

