Component: ARM Compiler 5.05 update 1 (build 106) Tool: armlink [4d0efa]

==============================================================================

Section Cross References

    main.o(.text) refers to _printf_percent.o(.ARM.Collect$$_printf_percent$$00000000) for _printf_percent
    main.o(.text) refers to _printf_d.o(.ARM.Collect$$_printf_percent$$00000009) for _printf_d
    main.o(.text) refers to _printf_dec.o(.text) for _printf_int_dec
    main.o(.text) refers to noretval__2sprintf.o(.text) for __2sprintf
    main.o(.text) refers to lcd.o(.text) for LCD_ShowString
    main.o(.text) refers to key.o(.text) for KEY_Scan
    main.o(.text) refers to os_time.o(.text) for OSTimeDlyHMSM
    main.o(.text) refers to os_task.o(.text) for OSTaskSuspend
    main.o(.text) refers to cpu_core.o(.text) for CPU_Init
    main.o(.text) refers to os_stat.o(.text) for OSStatTaskCPUUsageInit
    main.o(.text) refers to os_core.o(.text) for OSSchedRoundRobinCfg
    main.o(.text) refers to cpu_a.o(.text) for CPU_SR_Save
    main.o(.text) refers to delay.o(.text) for delay_init
    main.o(.text) refers to misc.o(.text) for NVIC_PriorityGroupConfig
    main.o(.text) refers to usart.o(.text) for uart_init
    main.o(.text) refers to led.o(.text) for LED_Init
    main.o(.text) refers to beep.o(.text) for BEEP_Init
    main.o(.text) refers to adc.o(.text) for Adc_Init
    main.o(.text) refers to rs485.o(.text) for RS485_Init
    main.o(.text) refers to temperature.o(.text) for Adc_Temperate_Init
    main.o(.text) refers to sram.o(.text) for FSMC_SRAM_Init
    main.o(.text) refers to malloc.o(.text) for mymem_init
    main.o(.text) refers to lwip_comm.o(.text) for lwip_comm_init
    main.o(.text) refers to tcp_server_demo.o(.text) for tcp_server_init
    main.o(.text) refers to lwip_comm.o(.bss) for lwipdev
    main.o(.text) refers to tcp_server_demo.o(.data) for tcp_server_flag
    main.o(.text) refers to main.o(.bss) for DisplayTaskTCB
    main.o(.text) refers to usmart_config.o(.data) for usmart_dev
    main.o(.text) refers to lcd.o(.data) for POINT_COLOR
    system_stm32f4xx.o(.text) refers to system_stm32f4xx.o(.data) for SystemCoreClock
    key.o(.text) refers to stm32f4xx_rcc.o(.text) for RCC_AHB1PeriphClockCmd
    key.o(.text) refers to stm32f4xx_gpio.o(.text) for GPIO_Init
    key.o(.text) refers to delay.o(.text) for delay_ms
    key.o(.text) refers to key.o(.data) for key_up
    led.o(.text) refers to stm32f4xx_rcc.o(.text) for RCC_AHB1PeriphClockCmd
    led.o(.text) refers to stm32f4xx_gpio.o(.text) for GPIO_Init
    timer.o(.text) refers to stm32f4xx_rcc.o(.text) for RCC_APB1PeriphClockCmd
    timer.o(.text) refers to stm32f4xx_tim.o(.text) for TIM_TimeBaseInit
    timer.o(.text) refers to misc.o(.text) for NVIC_Init
    lcd.o(.text) refers to _printf_percent.o(.ARM.Collect$$_printf_percent$$00000000) for _printf_percent
    lcd.o(.text) refers to _printf_x.o(.ARM.Collect$$_printf_percent$$0000000C) for _printf_x
    lcd.o(.text) refers to _printf_hex_int.o(.text) for _printf_longlong_hex
    lcd.o(.text) refers to delay.o(.text) for delay_us
    lcd.o(.text) refers to lcd.o(.bss) for lcddev
    lcd.o(.text) refers to lcd.o(.data) for POINT_COLOR
    lcd.o(.text) refers to dflt_clz.o(x$fpl$dfltu) for __aeabi_ui2d
    lcd.o(.text) refers to dmul.o(x$fpl$dmul) for __aeabi_dmul
    lcd.o(.text) refers to dfixu.o(x$fpl$dfixu) for __aeabi_d2uiz
    lcd.o(.text) refers to stm32f4xx_rcc.o(.text) for RCC_AHB1PeriphClockCmd
    lcd.o(.text) refers to stm32f4xx_gpio.o(.text) for GPIO_Init
    lcd.o(.text) refers to stm32f4xx_fsmc.o(.text) for FSMC_NORSRAMInit
    lcd.o(.text) refers to noretval__2printf.o(.text) for __2printf
    lcd.o(.text) refers to lcd.o(.constdata) for asc2_1206
    lan8720.o(.text) refers to stm32f4xx_rcc.o(.text) for RCC_AHB1PeriphClockCmd
    lan8720.o(.text) refers to stm32f4x7_eth.o(.text) for ETH_DeInit
    lan8720.o(.text) refers to misc.o(.text) for NVIC_Init
    lan8720.o(.text) refers to stm32f4xx_syscfg.o(.text) for SYSCFG_ETH_MediaInterfaceConfig
    lan8720.o(.text) refers to stm32f4xx_gpio.o(.text) for GPIO_Init
    lan8720.o(.text) refers to delay.o(.text) for delay_ms
    lan8720.o(.text) refers to lwip_comm.o(.text) for lwip_pkt_handle
    lan8720.o(.text) refers to malloc.o(.text) for myfree
    lan8720.o(.text) refers to stm32f4x7_eth.o(.data) for DMARxDescToGet
    lan8720.o(.text) refers to lan8720.o(.data) for DMARxDscrTab
    sram.o(.text) refers to stm32f4xx_rcc.o(.text) for RCC_AHB1PeriphClockCmd
    sram.o(.text) refers to stm32f4xx_gpio.o(.text) for GPIO_Init
    sram.o(.text) refers to stm32f4xx_fsmc.o(.text) for FSMC_NORSRAMInit
    adc.o(.text) refers to stm32f4xx_rcc.o(.text) for RCC_APB2PeriphClockCmd
    adc.o(.text) refers to stm32f4xx_gpio.o(.text) for GPIO_Init
    adc.o(.text) refers to stm32f4xx_adc.o(.text) for ADC_CommonInit
    adc.o(.text) refers to delay.o(.text) for delay_ms
    beep.o(.text) refers to stm32f4xx_rcc.o(.text) for RCC_AHB1PeriphClockCmd
[...]
    ASCII_IsDig                              0x0801962d   Thumb Code    20  lib_ascii.o(.text)
    ASCII_IsDigOct                           0x08019641   Thumb Code    20  lib_ascii.o(.text)
    ASCII_IsDigHex                           0x08019655   Thumb Code    36  lib_ascii.o(.text)
    ASCII_IsBlank                            0x08019679   Thumb Code    20  lib_ascii.o(.text)
    ASCII_IsSpace                            0x0801968d   Thumb Code    36  lib_ascii.o(.text)
    ASCII_IsPrint                            0x080196b1   Thumb Code    20  lib_ascii.o(.text)
    ASCII_IsGraph                            0x080196c5   Thumb Code    20  lib_ascii.o(.text)
    ASCII_IsPunct                            0x080196d9   Thumb Code   134  lib_ascii.o(.text)
    ASCII_IsCtrl                             0x0801975f   Thumb Code    26  lib_ascii.o(.text)
    ASCII_ToLower                            0x08019779   Thumb Code    32  lib_ascii.o(.text)
    ASCII_ToUpper                            0x08019799   Thumb Code    32  lib_ascii.o(.text)
    ASCII_Cmp                                0x080197b9   Thumb Code    38  lib_ascii.o(.text)
    Mem_Init                                 0x080197e1   Thumb Code    54  lib_mem.o(.text)
    Mem_Set                                  0x08019817   Thumb Code    84  lib_mem.o(.text)
    Mem_Clr                                  0x0801986b   Thumb Code    18  lib_mem.o(.text)
    Mem_Move                                 0x0801987d   Thumb Code   186  lib_mem.o(.text)
    Mem_Cmp                                  0x08019937   Thumb Code   192  lib_mem.o(.text)
    Mem_HeapAlloc                            0x08019a6f   Thumb Code   168  lib_mem.o(.text)
    Mem_SegGetSizeRem                        0x08019b17   Thumb Code   108  lib_mem.o(.text)
    Mem_HeapGetSizeRem                       0x08019b83   Thumb Code    22  lib_mem.o(.text)
    Mem_PoolClr                              0x08019b99   Thumb Code    80  lib_mem.o(.text)
    Mem_PoolCreate                           0x08019be9   Thumb Code   838  lib_mem.o(.text)
    Mem_PoolBlkGetNbrAvail                   0x08019f2f   Thumb Code    52  lib_mem.o(.text)
    Mem_PoolBlkGet                           0x08019f63   Thumb Code   126  lib_mem.o(.text)
    Mem_PoolBlkGetUsedAtIx                   0x08019fe1   Thumb Code   140  lib_mem.o(.text)
    Mem_PoolBlkFree                          0x0801a06d   Thumb Code   152  lib_mem.o(.text)
    Mem_PoolBlkIxGet                         0x0801a105   Thumb Code   162  lib_mem.o(.text)
    Str_Len_N                                0x0801a1a9   Thumb Code    28  lib_str.o(.text)
    Str_Len                                  0x0801a1c5   Thumb Code    20  lib_str.o(.text)
    Str_Copy_N                               0x0801a1d9   Thumb Code    70  lib_str.o(.text)
    Str_Copy                                 0x0801a21f   Thumb Code    24  lib_str.o(.text)
    Str_Cat_N                                0x0801a237   Thumb Code    90  lib_str.o(.text)
    Str_Cat                                  0x0801a291   Thumb Code    24  lib_str.o(.text)
    Str_Cmp_N                                0x0801a2a9   Thumb Code   156  lib_str.o(.text)
    Str_Cmp                                  0x0801a345   Thumb Code    24  lib_str.o(.text)
    Str_CmpIgnoreCase_N                      0x0801a35d   Thumb Code   264  lib_str.o(.text)
    Str_CmpIgnoreCase                        0x0801a465   Thumb Code    24  lib_str.o(.text)
    Str_Char_N                               0x0801a47d   Thumb Code    74  lib_str.o(.text)
    Str_Char                                 0x0801a4c7   Thumb Code    24  lib_str.o(.text)
    Str_Char_Last_N                          0x0801a4df   Thumb Code    76  lib_str.o(.text)
    Str_Char_Last                            0x0801a52b   Thumb Code    24  lib_str.o(.text)
    Str_Char_Replace_N                       0x0801a543   Thumb Code    52  lib_str.o(.text)
    Str_Char_Replace                         0x0801a577   Thumb Code    28  lib_str.o(.text)
    Str_Str_N                                0x0801a593   Thumb Code   182  lib_str.o(.text)
    Str_Str                                  0x0801a649   Thumb Code    24  lib_str.o(.text)
    Str_FmtNbr_Int32U                        0x0801a83d   Thumb Code    46  lib_str.o(.text)
    Str_FmtNbr_Int32S                        0x0801a86b   Thumb Code    62  lib_str.o(.text)
    Str_ParseNbr_Int32U                      0x0801aa67   Thumb Code    30  lib_str.o(.text)
    Str_ParseNbr_Int32S                      0x0801aa85   Thumb Code    74  lib_str.o(.text)
    Mem_Copy                                 0x0801aad5   Thumb Code     0  lib_mem_a.o(.text)
    OSCfg_Init                               0x0801acf5   Thumb Code    72  os_cfg_app.o(.text)
    OS_IdleTask                              0x0801adc5   Thumb Code    60  os_core.o(.text)
    OS_IdleTaskInit                          0x0801ae01   Thumb Code    68  os_core.o(.text)
    OS_RdyListInit                           0x0801ae45   Thumb Code    32  os_core.o(.text)
    OSInit                                   0x0801ae65   Thumb Code   288  os_core.o(.text)
    OSIntEnter                               0x0801af85   Thumb Code    34  os_core.o(.text)
    OSIntExit                                0x0801afa7   Thumb Code   188  os_core.o(.text)
    OSSched                                  0x0801b063   Thumb Code   130  os_core.o(.text)
    OS_SchedLockTimeMeasStart                0x0801b0e5   Thumb Code    20  os_core.o(.text)
    OSSchedLock                              0x0801b0f9   Thumb Code   104  os_core.o(.text)
    OS_SchedLockTimeMeasStop                 0x0801b161   Thumb Code    44  os_core.o(.text)
    OSSchedUnlock                            0x0801b18d   Thumb Code   288  os_core.o(.text)
    OSSchedRoundRobinCfg                     0x0801b2ad   Thumb Code    88  os_core.o(.text)
    OS_RdyListMoveHeadToTail                 0x0801b305   Thumb Code    68  os_core.o(.text)
    OSSchedRoundRobinYield                   0x0801b349   Thumb Code   164  os_core.o(.text)
    OSStart                                  0x0801b3ed   Thumb Code    78  os_core.o(.text)
    OSVersion                                0x0801b43b   Thumb Code    12  os_core.o(.text)
    OS_PendDbgNameAdd                        0x0801b447   Thumb Code    66  os_core.o(.text)
    OS_PendListInsertPrio                    0x0801b489   Thumb Code   102  os_core.o(.text)
    OS_PendDataInit                          0x0801b4ef   Thumb Code    38  os_core.o(.text)
    OS_RdyListRemove                         0x0801b515   Thumb Code    86  os_core.o(.text)
    OS_TaskBlock                             0x0801b56b   Thumb Code    56  os_core.o(.text)
    OS_Pend                                  0x0801b5a3   Thumb Code    98  os_core.o(.text)
    OS_PendListRemove1                       0x0801b605   Thumb Code   136  os_core.o(.text)
    OS_PendListRemove                        0x0801b68d   Thumb Code    48  os_core.o(.text)
    OS_PendAbort1                            0x0801b6bd   Thumb Code    36  os_core.o(.text)
    OS_RdyListInsertHead                     0x0801b6e1   Thumb Code    58  os_core.o(.text)
    OS_RdyListInsertTail                     0x0801b71b   Thumb Code    56  os_core.o(.text)
    OS_RdyListInsert                         0x0801b753   Thumb Code    40  os_core.o(.text)
    OS_TaskRdy                               0x0801b77b   Thumb Code    28  os_core.o(.text)
    OS_PendAbort                             0x0801b797   Thumb Code   166  os_core.o(.text)
    OS_PendDbgNameRemove                     0x0801b83d   Thumb Code    34  os_core.o(.text)
    OS_PendListChangePrio                    0x0801b85f   Thumb Code    70  os_core.o(.text)
    OS_PendListInit                          0x0801b8a5   Thumb Code    10  os_core.o(.text)
    OS_PendListInsertHead                    0x0801b8af   Thumb Code    32  os_core.o(.text)
    OS_PendObjDel1                           0x0801b8cf   Thumb Code    36  os_core.o(.text)
    OS_PendObjDel                            0x0801b8f3   Thumb Code   162  os_core.o(.text)
    OS_Post1                                 0x0801b995   Thumb Code    42  os_core.o(.text)
    OS_Post                                  0x0801b9bf   Thumb Code   192  os_core.o(.text)
    OS_SchedRoundRobin                       0x0801ba7f   Thumb Code   208  os_core.o(.text)
    OS_Dbg_Init                              0x0801bb59   Thumb Code   144  os_dbg.o(.text)
    OS_FlagDbgListAdd                        0x0801bd01   Thumb Code    38  os_flag.o(.text)
    OSFlagCreate                             0x0801bd27   Thumb Code   116  os_flag.o(.text)
    OS_FlagClr                               0x0801bd9b   Thumb Code    28  os_flag.o(.text)
    OS_FlagDbgListRemove                     0x0801bdb7   Thumb Code    44  os_flag.o(.text)
    OSFlagDel                                0x0801bde3   Thumb Code   306  os_flag.o(.text)
    OS_FlagBlock                             0x0801bf15   Thumb Code    58  os_flag.o(.text)
    OSFlagPend                               0x0801bf4f   Thumb Code  1248  os_flag.o(.text)
    OSFlagPendAbort                          0x0801c42f   Thumb Code   236  os_flag.o(.text)
    OSFlagPendGetFlagsRdy                    0x0801c51b   Thumb Code    86  os_flag.o(.text)
    OS_FlagTaskRdy                           0x0801c571   Thumb Code    86  os_flag.o(.text)
    OS_FlagPost                              0x0801c5c7   Thumb Code   418  os_flag.o(.text)
    OSFlagPost                               0x0801c769   Thumb Code   112  os_flag.o(.text)
    OS_FlagInit                              0x0801c7d9   Thumb Code    14  os_flag.o(.text)
    OS_MemDbgListAdd                         0x0801c7f9   Thumb Code    34  os_mem.o(.text)
    OSMemCreate                              0x0801c81b   Thumb Code   232  os_mem.o(.text)
    OSMemGet                                 0x0801c903   Thumb Code   100  os_mem.o(.text)
    OSMemPut                                 0x0801c967   Thumb Code   112  os_mem.o(.text)
    OS_MemInit                               0x0801c9d7   Thumb Code    14  os_mem.o(.text)
    OS_MsgPoolCreate                         0x0801c9f5   Thumb Code    54  os_msg.o(.text)
    OS_MsgPoolInit                           0x0801ca2b   Thumb Code    70  os_msg.o(.text)
    OS_MsgQFreeAll                           0x0801ca71   Thumb Code    62  os_msg.o(.text)
    OS_MsgQInit                              0x0801caaf   Thumb Code    14  os_msg.o(.text)
    OS_MsgQGet                               0x0801cabd   Thumb Code    98  os_msg.o(.text)
    OS_MsgQPut                               0x0801cb1f   Thumb Code   246  os_msg.o(.text)
    OS_MutexDbgListAdd                       0x0801cc21   Thumb Code    38  os_mutex.o(.text)
    OSMutexCreate                            0x0801cc47   Thumb Code   122  os_mutex.o(.text)
    OS_MutexClr                              0x0801ccc1   Thumb Code    38  os_mutex.o(.text)
    OS_MutexDbgListRemove                    0x0801cce7   Thumb Code    44  os_mutex.o(.text)
    OSMutexDel                               0x0801cd13   Thumb Code   442  os_mutex.o(.text)
    OSMutexPend                              0x0801cecd   Thumb Code   618  os_mutex.o(.text)
    OSMutexPendAbort                         0x0801d137   Thumb Code   236  os_mutex.o(.text)
    OSMutexPost                              0x0801d223   Thumb Code   354  os_mutex.o(.text)
    OS_MutexInit                             0x0801d385   Thumb Code    14  os_mutex.o(.text)
    OS_PrioInit                              0x0801d3ad   Thumb Code    20  os_prio.o(.text)
    OS_PrioGetHighest                        0x0801d3c1   Thumb Code    36  os_prio.o(.text)
    OS_PrioInsert                            0x0801d3e5   Thumb Code    32  os_prio.o(.text)
    OS_PrioRemove                            0x0801d405   Thumb Code    32  os_prio.o(.text)
    OS_QDbgListAdd                           0x0801d429   Thumb Code    38  os_q.o(.text)
    OSQCreate                                0x0801d44f   Thumb Code   130  os_q.o(.text)
    OS_QClr                                  0x0801d4d1   Thumb Code    40  os_q.o(.text)
    OS_QDbgListRemove                        0x0801d4f9   Thumb Code    44  os_q.o(.text)
    OSQDel                                   0x0801d525   Thumb Code   306  os_q.o(.text)
    OSQFlush                                 0x0801d657   Thumb Code   106  os_q.o(.text)
    OSQPend                                  0x0801d6c1   Thumb Code   484  os_q.o(.text)
    OSQPendAbort                             0x0801d8a5   Thumb Code   236  os_q.o(.text)
    OS_QPost                                 0x0801d991   Thumb Code   190  os_q.o(.text)
    OSQPost                                  0x0801da4f   Thumb Code   144  os_q.o(.text)
    OS_QInit                                 0x0801dadf   Thumb Code    14  os_q.o(.text)
    OS_SemDbgListAdd                         0x0801db01   Thumb Code    38  os_sem.o(.text)
    OSSemCreate                              0x0801db27   Thumb Code   116  os_sem.o(.text)
    OS_SemClr                                0x0801db9b   Thumb Code    28  os_sem.o(.text)
    OS_SemDbgListRemove                      0x0801dbb7   Thumb Code    44  os_sem.o(.text)
    OSSemDel                                 0x0801dbe3   Thumb Code   306  os_sem.o(.text)
    OSSemPend                                0x0801dd15   Thumb Code   406  os_sem.o(.text)
    OSSemPendAbort                           0x0801deab   Thumb Code   278  os_sem.o(.text)
    OS_SemPost                               0x0801dfc1   Thumb Code   294  os_sem.o(.text)
    OSSemPost                                0x0801e0e7   Thumb Code   108  os_sem.o(.text)
    OSSemSet                                 0x0801e153   Thumb Code   120  os_sem.o(.text)
    OS_SemInit                               0x0801e1cb   Thumb Code    14  os_sem.o(.text)
    OSStatReset                              0x0801e1e9   Thumb Code   262  os_stat.o(.text)
    OSStatTaskCPUUsageInit                   0x0801e2ef   Thumb Code   212  os_stat.o(.text)
    OS_StatTask                              0x0801e3c3   Thumb Code   768  os_stat.o(.text)
    OS_StatTaskInit                          0x0801e6c3   Thumb Code   138  os_stat.o(.text)
    OSTaskChangePrio                         0x0801e791   Thumb Code   274  os_task.o(.text)
    OS_TaskDbgListAdd                        0x0801e8a3   Thumb Code    42  os_task.o(.text)
    OS_TaskInitTCB                           0x0801e8cd   Thumb Code   186  os_task.o(.text)
    OSTaskCreate                             0x0801e987   Thumb Code   412  os_task.o(.text)
    OS_TaskDbgListRemove                     0x0801eb23   Thumb Code    64  os_task.o(.text)
    OSTaskDel                                0x0801eb63   Thumb Code   324  os_task.o(.text)
    OSTaskQFlush                             0x0801eca7   Thumb Code   110  os_task.o(.text)
    OSTaskQPend                              0x0801ed15   Thumb Code   458  os_task.o(.text)
    OSTaskQPendAbort                         0x0801eedf   Thumb Code   206  os_task.o(.text)
    OS_TaskQPost                             0x0801efad   Thumb Code   220  os_task.o(.text)
    OSTaskQPost                              0x0801f089   Thumb Code    82  os_task.o(.text)
    OSTaskRegGet                             0x0801f0db   Thumb Code    78  os_task.o(.text)
    OSTaskRegGetID                           0x0801f129   Thumb Code    84  os_task.o(.text)
    OSTaskRegSet                             0x0801f17d   Thumb Code    78  os_task.o(.text)
    OS_TaskResume                            0x0801f1cb   Thumb Code   256  os_task.o(.text)
    OSTaskResume                             0x0801f2cb   Thumb Code    96  os_task.o(.text)
    OSTaskSemPend                            0x0801f32b   Thumb Code   478  os_task.o(.text)
    OSTaskSemPendAbort                       0x0801f509   Thumb Code   214  os_task.o(.text)
    OS_TaskSemPost                           0x0801f5df   Thumb Code   448  os_task.o(.text)
    OSTaskSemPost                            0x0801f79f   Thumb Code    76  os_task.o(.text)
    OSTaskSemSet                             0x0801f7eb   Thumb Code    80  os_task.o(.text)
    OSTaskStkChk                             0x0801f83b   Thumb Code   204  os_task.o(.text)
    OS_TaskSuspend                           0x0801f907   Thumb Code   272  os_task.o(.text)
    OSTaskSuspend                            0x0801fa17   Thumb Code    48  os_task.o(.text)
    OSTaskTimeQuantaSet                      0x0801fa47   Thumb Code    96  os_task.o(.text)
    OS_TaskInit                              0x0801faa7   Thumb Code    18  os_task.o(.text)
    OS_TaskReturn                            0x0801fab9   Thumb Code    20  os_task.o(.text)
    OS_TickListRemove                        0x0801faed   Thumb Code    56  os_tick.o(.text)
    OS_TickListUpdate                        0x0801fb25   Thumb Code   376  os_tick.o(.text)
    OS_TickTask                              0x0801fc9d   Thumb Code    38  os_tick.o(.text)
    OS_TickListInit                          0x0801fcc3   Thumb Code    32  os_tick.o(.text)
    OS_TickTaskInit                          0x0801fce3   Thumb Code   130  os_tick.o(.text)
    OS_TickListInsert                        0x0801fd65   Thumb Code   430  os_tick.o(.text)
    OS_TickListResetPeak                     0x0801ff13   Thumb Code    94  os_tick.o(.text)
    OSTimeDly                                0x0801ff71   Thumb Code   182  os_time.o(.text)
    OSTimeDlyHMSM                            0x08020027   Thumb Code   394  os_time.o(.text)
    OSTimeDlyResume                          0x080201b1   Thumb Code   334  os_time.o(.text)
    OSTimeGet                                0x080202ff   Thumb Code    46  os_time.o(.text)
    OSTimeSet                                0x0802032d   Thumb Code    68  os_time.o(.text)
    OSTimeTick                               0x08020371   Thumb Code    68  os_time.o(.text)
    OS_TmrDbgListAdd                         0x080203cd   Thumb Code    34  os_tmr.o(.text)
    OSTmrCreate                              0x080203ef   Thumb Code   192  os_tmr.o(.text)
    OS_TmrClr                                0x080204af   Thumb Code    36  os_tmr.o(.text)
    OS_TmrUnlink                             0x080204d3   Thumb Code    72  os_tmr.o(.text)
    OS_TmrDbgListRemove                      0x0802051b   Thumb Code    44  os_tmr.o(.text)
    OSTmrDel                                 0x08020547   Thumb Code   176  os_tmr.o(.text)
    OSTmrRemainGet                           0x080205f7   Thumb Code   184  os_tmr.o(.text)
    OS_TmrLink                               0x080206af   Thumb Code   196  os_tmr.o(.text)
    OSTmrStart                               0x08020773   Thumb Code   208  os_tmr.o(.text)
    OSTmrStateGet                            0x08020843   Thumb Code   134  os_tmr.o(.text)
    OSTmrStop                                0x080208c9   Thumb Code   232  os_tmr.o(.text)
    OS_TmrTask                               0x080209b1   Thumb Code   176  os_tmr.o(.text)
    OS_TmrInit                               0x08020a61   Thumb Code   208  os_tmr.o(.text)
    OS_TmrResetPeak                          0x08020b31   Thumb Code    28  os_tmr.o(.text)
    OSIdleTaskHook                           0x08020ba9   Thumb Code    16  os_cpu_c.o(.text)
    OSInitHook                               0x08020bb9   Thumb Code    28  os_cpu_c.o(.text)
    OSStatTaskHook                           0x08020bd5   Thumb Code    16  os_cpu_c.o(.text)
    OSTaskCreateHook                         0x08020be5   Thumb Code    20  os_cpu_c.o(.text)
    OSTaskDelHook                            0x08020bf9   Thumb Code    20  os_cpu_c.o(.text)
    OSTaskReturnHook                         0x08020c0d   Thumb Code    20  os_cpu_c.o(.text)
    OSTaskStkInit                            0x08020c21   Thumb Code   600  os_cpu_c.o(.text)
    OSTaskSwHook                             0x08020e79   Thumb Code   120  os_cpu_c.o(.text)
    OSTimeTickHook                           0x08020ef1   Thumb Code    16  os_cpu_c.o(.text)
    OS_CPU_SysTickHandler                    0x08020f01   Thumb Code    52  os_cpu_c.o(.text)
    OS_CPU_SysTickInit                       0x08020f35   Thumb Code    44  os_cpu_c.o(.text)
    __use_no_semihosting                     0x08020fa1   Thumb Code     2  use_no_semi_2.o(.text)
    __rt_ctype_table                         0x08020fa5   Thumb Code    16  rt_ctype_table.o(.text)
    __aeabi_uldivmod                         0x08020fb5   Thumb Code     0  lludivv7m.o(.text)
    _ll_udiv                                 0x08020fb5   Thumb Code   238  lludivv7m.o(.text)
    __2printf                                0x080210a5   Thumb Code    20  noretval__2printf.o(.text)
    __2sprintf                               0x080210bd   Thumb Code    34  noretval__2sprintf.o(.text)
    _printf_pre_padding                      0x080210e5   Thumb Code    44  _printf_pad.o(.text)
    _printf_post_padding                     0x08021111   Thumb Code    34  _printf_pad.o(.text)
    _printf_str                              0x08021133   Thumb Code    82  _printf_str.o(.text)
    _printf_int_dec                          0x08021185   Thumb Code   104  _printf_dec.o(.text)
    _printf_int_hex                          0x080211fd   Thumb Code    84  _printf_hex_int.o(.text)
    _printf_longlong_hex                     0x080211fd   Thumb Code     0  _printf_hex_int.o(.text)
    __printf                                 0x08021255   Thumb Code   388  __printf_flags_ss_wp.o(.text)
    memcmp                                   0x080213dd   Thumb Code    88  memcmp.o(.text)
    strlen                                   0x08021435   Thumb Code    62  strlen.o(.text)
    __aeabi_memcpy                           0x08021473   Thumb Code     0  rt_memcpy_v6.o(.text)
    __rt_memcpy                              0x08021473   Thumb Code   138  rt_memcpy_v6.o(.text)
    _memcpy_lastbytes                        0x080214d9   Thumb Code     0  rt_memcpy_v6.o(.text)
    __aeabi_memclr                           0x080214fd   Thumb Code     0  rt_memclr.o(.text)
    __rt_memclr                              0x080214fd   Thumb Code    68  rt_memclr.o(.text)
    _memset                                  0x08021501   Thumb Code     0  rt_memclr.o(.text)
    __aeabi_memclr4                          0x08021541   Thumb Code     0  rt_memclr_w.o(.text)
    __aeabi_memclr8                          0x08021541   Thumb Code     0  rt_memclr_w.o(.text)
    __rt_memclr_w                            0x08021541   Thumb Code    78  rt_memclr_w.o(.text)
    _memset_w                                0x08021545   Thumb Code     0  rt_memclr_w.o(.text)
    strcmp                                   0x08021591   Thumb Code   128  strcmpv7m.o(.text)
    __use_two_region_memory                  0x08021611   Thumb Code     2  heapauxi.o(.text)
    __rt_heap_escrow$2region                 0x08021613   Thumb Code     2  heapauxi.o(.text)
    __rt_heap_expand$2region                 0x08021615   Thumb Code     2  heapauxi.o(.text)
    __I$use$semihosting                      0x08021617   Thumb Code     0  use_no_semi.o(.text)
    __use_no_semihosting_swi                 0x08021617   Thumb Code     2  use_no_semi.o(.text)
    __rt_locale                              0x08021619   Thumb Code     8  rt_locale_intlibspace.o(.text)
    _printf_int_common                       0x08021621   Thumb Code   178  _printf_intcommon.o(.text)
    _printf_char_common                      0x080216df   Thumb Code    32  _printf_char_common.o(.text)
    _sputc                                   0x08021705   Thumb Code    10  _sputc.o(.text)
    _printf_cs_common                        0x0802170f   Thumb Code    20  _printf_char.o(.text)
    _printf_char                             0x08021723   Thumb Code    16  _printf_char.o(.text)
    _printf_string                           0x08021733   Thumb Code     8  _printf_char.o(.text)
    _printf_char_file                        0x0802173d   Thumb Code    32  _printf_char_file.o(.text)
    __aeabi_memcpy4                          0x08021761   Thumb Code     0  rt_memcpy_w.o(.text)
    __aeabi_memcpy8                          0x08021761   Thumb Code     0  rt_memcpy_w.o(.text)
    __rt_memcpy_w                            0x08021761   Thumb Code   100  rt_memcpy_w.o(.text)
    _memcpy_lastbytes_aligned                0x080217a9   Thumb Code     0  rt_memcpy_w.o(.text)
    __user_libspace                          0x080217c5   Thumb Code     8  libspace.o(.text)
    __user_perproc_libspace                  0x080217c5   Thumb Code     0  libspace.o(.text)
    __user_perthread_libspace                0x080217c5   Thumb Code     0  libspace.o(.text)
    ferror                                   0x080217cd   Thumb Code     8  ferror.o(.text)
    __user_setup_stackheap                   0x080217d5   Thumb Code    74  sys_stackheap_outer.o(.text)
    exit                                     0x0802181f   Thumb Code    12  exit.o(.text)
    OSStartHighRdy                           0x0802182d   Thumb Code     0  os_cpu_a.o(CODE)
    OSCtxSw                                  0x0802184f   Thumb Code     0  os_cpu_a.o(CODE)
    OSIntCtxSw                               0x08021859   Thumb Code     0  os_cpu_a.o(CODE)
    PendSV_Handler                           0x08021863   Thumb Code     0  os_cpu_a.o(CODE)
    _is_digit                                0x080218d9   Thumb Code    14  __printf_wp.o(i._is_digit)
    _get_lc_ctype                            0x080218e9   Thumb Code    44  lc_ctype_c.o(locale$$code)
    __aeabi_dadd                             0x08021915   Thumb Code     0  daddsub_clz.o(x$fpl$dadd)
    _dadd                                    0x08021915   Thumb Code   332  daddsub_clz.o(x$fpl$dadd)
    __aeabi_ddiv                             0x08021a65   Thumb Code     0  ddiv.o(x$fpl$ddiv)
    _ddiv                                    0x08021a65   Thumb Code   552  ddiv.o(x$fpl$ddiv)
    __aeabi_d2iz                             0x08021d15   Thumb Code     0  dfix.o(x$fpl$dfix)
    _dfix                                    0x08021d15   Thumb Code    94  dfix.o(x$fpl$dfix)
    __aeabi_d2uiz                            0x08021d75   Thumb Code     0  dfixu.o(x$fpl$dfixu)
    _dfixu                                   0x08021d75   Thumb Code    90  dfixu.o(x$fpl$dfixu)
    __aeabi_ui2d                             0x08021dcf   Thumb Code     0  dflt_clz.o(x$fpl$dfltu)
    _dfltu                                   0x08021dcf   Thumb Code    38  dflt_clz.o(x$fpl$dfltu)
    __aeabi_dmul                             0x08021df5   Thumb Code     0  dmul.o(x$fpl$dmul)
    _dmul                                    0x08021df5   Thumb Code   332  dmul.o(x$fpl$dmul)
    __fpl_dnaninf                            0x08021f49   Thumb Code   156  dnaninf.o(x$fpl$dnaninf)
    __fpl_dretinf                            0x08021fe5   Thumb Code    12  dretinf.o(x$fpl$dretinf)
    __aeabi_dsub                             0x08021ff1   Thumb Code     0  daddsub_clz.o(x$fpl$dsub)
    _dsub                                    0x08021ff1   Thumb Code   464  daddsub_clz.o(x$fpl$dsub)
    __aeabi_f2d                              0x080221c5   Thumb Code     0  f2d.o(x$fpl$f2d)
    _f2d                                     0x080221c5   Thumb Code    86  f2d.o(x$fpl$f2d)
    __fpl_fnaninf                            0x0802221b   Thumb Code   140  fnaninf.o(x$fpl$fnaninf)
    _fp_init                                 0x080222a7   Thumb Code    10  fpinit.o(x$fpl$fpinit)
    __fplib_config_fpu_vfp                   0x080222af   Thumb Code     0  fpinit.o(x$fpl$fpinit)
    __fplib_config_pureend_doubles           0x080222af   Thumb Code     0  fpinit.o(x$fpl$fpinit)
    __I$use$fp                               0x080222b0   Number         0  usenofp.o(x$fpl$usenofp)
    asc2_1206                                0x080222b0   Data        1140  lcd.o(.constdata)
    asc2_1608                                0x08022724   Data        1520  lcd.o(.constdata)
    asc2_2412                                0x08022d14   Data        3420  lcd.o(.constdata)
    FSMC_DefaultTimingStruct                 0x08023a70   Data          28  stm32f4xx_fsmc.o(.constdata)
    ethbroadcast                             0x08023a8c   Data           6  etharp.o(.constdata)
    ethzero                                  0x08023a92   Data           6  etharp.o(.constdata)
    ip_addr_any                              0x08023a98   Data           4  ip_addr.o(.constdata)
    ip_addr_broadcast                        0x08023a9c   Data           4  ip_addr.o(.constdata)
    tcp_state_str                            0x08023ad8   Data          44  tcp.o(.constdata)
    tcp_backoff                              0x08023b04   Data          13  tcp.o(.constdata)
    tcp_persist_backoff                      0x08023b11   Data           7  tcp.o(.constdata)
    tcp_pcb_lists                            0x08023b18   Data          16  tcp.o(.constdata)
    pvNullPointer                            0x08023b28   Data           4  sys_arch.o(.constdata)
    memtblsize                               0x08023b6c   Data          12  malloc.o(.constdata)
    memblksize                               0x08023b78   Data          12  malloc.o(.constdata)
    memsize                                  0x08023b84   Data          12  malloc.o(.constdata)
    CPU_EndiannessTest                       0x08023c90   Data           4  cpu_core.o(.constdata)
    OSCfg_IdleTaskStkBasePtr                 0x08023d28   Data           4  os_cfg_app.o(.constdata)
    OSCfg_IdleTaskStkLimit                   0x08023d2c   Data           4  os_cfg_app.o(.constdata)
    OSCfg_IdleTaskStkSize                    0x08023d30   Data           4  os_cfg_app.o(.constdata)
    OSCfg_IdleTaskStkSizeRAM                 0x08023d34   Data           4  os_cfg_app.o(.constdata)
    OSCfg_IntQBasePtr                        0x08023d38   Data           4  os_cfg_app.o(.constdata)
    OSCfg_IntQSize                           0x08023d3c   Data           2  os_cfg_app.o(.constdata)
    OSCfg_IntQSizeRAM                        0x08023d40   Data           4  os_cfg_app.o(.constdata)
    OSCfg_IntQTaskStkBasePtr                 0x08023d44   Data           4  os_cfg_app.o(.constdata)
    OSCfg_IntQTaskStkLimit                   0x08023d48   Data           4  os_cfg_app.o(.constdata)
    OSCfg_IntQTaskStkSize                    0x08023d4c   Data           4  os_cfg_app.o(.constdata)
    OSCfg_IntQTaskStkSizeRAM                 0x08023d50   Data           4  os_cfg_app.o(.constdata)
    OSCfg_ISRStkBasePtr                      0x08023d54   Data           4  os_cfg_app.o(.constdata)
    OSCfg_ISRStkSize                         0x08023d58   Data           4  os_cfg_app.o(.constdata)
    OSCfg_ISRStkSizeRAM                      0x08023d5c   Data           4  os_cfg_app.o(.constdata)
    OSCfg_MsgPoolSize                        0x08023d60   Data           2  os_cfg_app.o(.constdata)
    OSCfg_MsgPoolSizeRAM                     0x08023d64   Data           4  os_cfg_app.o(.constdata)
    OSCfg_MsgPoolBasePtr                     0x08023d68   Data           4  os_cfg_app.o(.constdata)
    OSCfg_StatTaskPrio                       0x08023d6c   Data           1  os_cfg_app.o(.constdata)
    OSCfg_StatTaskRate_Hz                    0x08023d70   Data           4  os_cfg_app.o(.constdata)
    OSCfg_StatTaskStkBasePtr                 0x08023d74   Data           4  os_cfg_app.o(.constdata)
    OSCfg_StatTaskStkLimit                   0x08023d78   Data           4  os_cfg_app.o(.constdata)
    OSCfg_StatTaskStkSize                    0x08023d7c   Data           4  os_cfg_app.o(.constdata)
    OSCfg_StatTaskStkSizeRAM                 0x08023d80   Data           4  os_cfg_app.o(.constdata)
    OSCfg_StkSizeMin                         0x08023d84   Data           4  os_cfg_app.o(.constdata)
    OSCfg_TickRate_Hz                        0x08023d88   Data           4  os_cfg_app.o(.constdata)
    OSCfg_TickTaskPrio                       0x08023d8c   Data           1  os_cfg_app.o(.constdata)
    OSCfg_TickTaskStkBasePtr                 0x08023d90   Data           4  os_cfg_app.o(.constdata)
    OSCfg_TickTaskStkLimit                   0x08023d94   Data           4  os_cfg_app.o(.constdata)
    OSCfg_TickTaskStkSize                    0x08023d98   Data           4  os_cfg_app.o(.constdata)
    OSCfg_TickTaskStkSizeRAM                 0x08023d9c   Data           4  os_cfg_app.o(.constdata)
    OSCfg_TickWheelSize                      0x08023da0   Data           2  os_cfg_app.o(.constdata)
    OSCfg_TickWheelSizeRAM                   0x08023da4   Data           4  os_cfg_app.o(.constdata)
    OSCfg_TmrTaskPrio                        0x08023da8   Data           1  os_cfg_app.o(.constdata)
    OSCfg_TmrTaskRate_Hz                     0x08023dac   Data           4  os_cfg_app.o(.constdata)
    OSCfg_TmrTaskStkBasePtr                  0x08023db0   Data           4  os_cfg_app.o(.constdata)
    OSCfg_TmrTaskStkLimit                    0x08023db4   Data           4  os_cfg_app.o(.constdata)
    OSCfg_TmrTaskStkSize                     0x08023db8   Data           4  os_cfg_app.o(.constdata)
    OSCfg_TmrTaskStkSizeRAM                  0x08023dbc   Data           4  os_cfg_app.o(.constdata)
    OSCfg_TmrWheelSize                       0x08023dc0   Data           2  os_cfg_app.o(.constdata)
    OSCfg_TmrWheelSizeRAM                    0x08023dc4   Data           4  os_cfg_app.o(.constdata)
    OSCfg_DataSizeRAM                        0x08023dc8   Data           4  os_cfg_app.o(.constdata)
    OSDbg_DbgEn                              0x08023dcc   Data           2  os_dbg.o(.constdata)
    OSDbg_ArgChkEn                           0x08023dce   Data           1  os_dbg.o(.constdata)
    OSDbg_AppHooksEn                         0x08023dcf   Data           1  os_dbg.o(.constdata)
    OSDbg_EndiannessTest                     0x08023dd0   Data           4  os_dbg.o(.constdata)
    OSDbg_CalledFromISRChkEn                 0x08023dd4   Data           1  os_dbg.o(.constdata)
    OSDbg_FlagEn                             0x08023dd5   Data           1  os_dbg.o(.constdata)
    OSDbg_FlagGrp                            0x08023dd8   Data          40  os_dbg.o(.constdata)
    OSDbg_FlagDelEn                          0x08023e00   Data           1  os_dbg.o(.constdata)
    OSDbg_FlagModeClrEn                      0x08023e01   Data           1  os_dbg.o(.constdata)
    OSDbg_FlagPendAbortEn                    0x08023e02   Data           1  os_dbg.o(.constdata)
    OSDbg_FlagGrpSize                        0x08023e04   Data           2  os_dbg.o(.constdata)
    OSDbg_FlagWidth                          0x08023e06   Data           2  os_dbg.o(.constdata)
    OSDbg_IntQ                               0x08023e08   Data           2  os_dbg.o(.constdata)
    OSDbg_ISRPostDeferredEn                  0x08023e0a   Data           1  os_dbg.o(.constdata)
    OSDbg_Mem                                0x08023e0c   Data          32  os_dbg.o(.constdata)
    OSDbg_MemEn                              0x08023e2c   Data           1  os_dbg.o(.constdata)
    OSDbg_MemSize                            0x08023e2e   Data           2  os_dbg.o(.constdata)
    OSDbg_MsgEn                              0x08023e30   Data           1  os_dbg.o(.constdata)
    OSDbg_MsgSize                            0x08023e32   Data           2  os_dbg.o(.constdata)
    OSDbg_MsgPoolSize                        0x08023e34   Data           2  os_dbg.o(.constdata)
    OSDbg_MsgQSize                           0x08023e36   Data           2  os_dbg.o(.constdata)
    OSDbg_Mutex                              0x08023e38   Data          44  os_dbg.o(.constdata)
    OSDbg_MutexEn                            0x08023e64   Data           1  os_dbg.o(.constdata)
    OSDbg_MutexDelEn                         0x08023e65   Data           1  os_dbg.o(.constdata)
    OSDbg_MutexPendAbortEn                   0x08023e66   Data           1  os_dbg.o(.constdata)
    OSDbg_MutexSize                          0x08023e68   Data           2  os_dbg.o(.constdata)
    OSDbg_ObjTypeChkEn                       0x08023e6a   Data           1  os_dbg.o(.constdata)
    OSDbg_PendMultiEn                        0x08023e6b   Data           1  os_dbg.o(.constdata)
    OSDbg_PendDataSize                       0x08023e6c   Data           2  os_dbg.o(.constdata)
    OSDbg_PendListSize                       0x08023e6e   Data           2  os_dbg.o(.constdata)
    OSDbg_PendObjSize                        0x08023e70   Data           2  os_dbg.o(.constdata)
    OSDbg_PrioMax                            0x08023e72   Data           2  os_dbg.o(.constdata)
    OSDbg_PrioTblSize                        0x08023e74   Data           2  os_dbg.o(.constdata)
    OSDbg_PtrSize                            0x08023e76   Data           2  os_dbg.o(.constdata)
    OSDbg_Q                                  0x08023e78   Data          48  os_dbg.o(.constdata)
    OSDbg_QEn                                0x08023ea8   Data           1  os_dbg.o(.constdata)
    OSDbg_QDelEn                             0x08023ea9   Data           1  os_dbg.o(.constdata)
    OSDbg_QFlushEn                           0x08023eaa   Data           1  os_dbg.o(.constdata)
    OSDbg_QPendAbortEn                       0x08023eab   Data           1  os_dbg.o(.constdata)
    OSDbg_QSize                              0x08023eac   Data           2  os_dbg.o(.constdata)
    OSDbg_SchedRoundRobinEn                  0x08023eae   Data           1  os_dbg.o(.constdata)
    OSDbg_Sem                                0x08023eb0   Data          40  os_dbg.o(.constdata)
    OSDbg_SemEn                              0x08023ed8   Data           1  os_dbg.o(.constdata)
    OSDbg_SemDelEn                           0x08023ed9   Data           1  os_dbg.o(.constdata)
    OSDbg_SemPendAbortEn                     0x08023eda   Data           1  os_dbg.o(.constdata)
    OSDbg_SemSetEn                           0x08023edb   Data           1  os_dbg.o(.constdata)
    OSDbg_SemSize                            0x08023edc   Data           2  os_dbg.o(.constdata)
    OSDbg_RdyList                            0x08023ede   Data           2  os_dbg.o(.constdata)
    OSDbg_RdyListSize                        0x08023ee0   Data           4  os_dbg.o(.constdata)
    OSDbg_StkWidth                           0x08023ee4   Data           1  os_dbg.o(.constdata)
    OSDbg_StatTaskEn                         0x08023ee5   Data           1  os_dbg.o(.constdata)
    OSDbg_StatTaskStkChkEn                   0x08023ee6   Data           1  os_dbg.o(.constdata)
    OSDbg_TaskChangePrioEn                   0x08023ee7   Data           1  os_dbg.o(.constdata)
    OSDbg_TaskDelEn                          0x08023ee8   Data           1  os_dbg.o(.constdata)
    OSDbg_TaskQEn                            0x08023ee9   Data           1  os_dbg.o(.constdata)
    OSDbg_TaskQPendAbortEn                   0x08023eea   Data           1  os_dbg.o(.constdata)
    OSDbg_TaskProfileEn                      0x08023eeb   Data           1  os_dbg.o(.constdata)
    OSDbg_TaskRegTblSize                     0x08023eec   Data           2  os_dbg.o(.constdata)
    OSDbg_TaskSemPendAbortEn                 0x08023eee   Data           1  os_dbg.o(.constdata)
    OSDbg_TaskSuspendEn                      0x08023eef   Data           1  os_dbg.o(.constdata)
    OSDbg_TCBSize                            0x08023ef0   Data           2  os_dbg.o(.constdata)
    OSDbg_TickSpokeSize                      0x08023ef2   Data           2  os_dbg.o(.constdata)
    OSDbg_TimeDlyHMSMEn                      0x08023ef4   Data           1  os_dbg.o(.constdata)
    OSDbg_TimeDlyResumeEn                    0x08023ef5   Data           1  os_dbg.o(.constdata)
    OSDbg_TLS_TblSize                        0x08023ef6   Data           2  os_dbg.o(.constdata)
    OSDbg_Tmr                                0x08023ef8   Data          52  os_dbg.o(.constdata)
    OSDbg_TmrEn                              0x08023f2c   Data           1  os_dbg.o(.constdata)
    OSDbg_TmrDelEn                           0x08023f2d   Data           1  os_dbg.o(.constdata)
    OSDbg_TmrSize                            0x08023f2e   Data           2  os_dbg.o(.constdata)
    OSDbg_TmrSpokeSize                       0x08023f30   Data           2  os_dbg.o(.constdata)
    OSDbg_VersionNbr                         0x08023f32   Data           2  os_dbg.o(.constdata)
    OSDbg_DataSize                           0x08023f34   Data           4  os_dbg.o(.constdata)
    Region$$Table$$Base                      0x08024284   Number         0  anon$$obj.o(Region$$Table)
    Region$$Table$$Limit                     0x080242a4   Number         0  anon$$obj.o(Region$$Table)
    __ctype                                  0x080242b1   Data           0  lc_ctype_c.o(locale$$data)
    mem3base                                 0x10000000   Data       61440  malloc.o(.ARM.__AT_0x10000000)
    mem3mapbase                              0x1000f000   Data        3840  malloc.o(.ARM.__AT_0x1000F000)
    SystemCoreClock                          0x20000000   Data           4  system_stm32f4xx.o(.data)
    AHBPrescTable                            0x20000004   Data          16  system_stm32f4xx.o(.data)
    POINT_COLOR                              0x20000016   Data           2  lcd.o(.data)
    BACK_COLOR                               0x20000018   Data           2  lcd.o(.data)
    DMARxDscrTab                             0x2000001c   Data           4  lan8720.o(.data)
    DMATxDscrTab                             0x20000020   Data           4  lan8720.o(.data)
    Rx_Buff                                  0x20000024   Data           4  lan8720.o(.data)
    Tx_Buff                                  0x20000028   Data           4  lan8720.o(.data)
    RS485_RX_CNT                             0x2000002c   Data           1  rs485.o(.data)
    DMATxDescToSet                           0x20000040   Data           4  stm32f4x7_eth.o(.data)
    DMARxDescToGet                           0x20000044   Data           4  stm32f4x7_eth.o(.data)
    DMA_RX_FRAME_infos                       0x20000048   Data           4  stm32f4x7_eth.o(.data)
    Frame_Rx_index                           0x2000004c   Data           4  stm32f4x7_eth.o(.data)
    __stdout                                 0x20000054   Data           4  usart.o(.data)
    USART_RX_STA                             0x20000058   Data           2  usart.o(.data)
    sys_cmd_tab                              0x2000005c   Data          28  usmart.o(.data)
    usmart_nametab                           0x20000078   Data          48  usmart_config.o(.data)
    usmart_dev                               0x200000a8   Data         244  usmart_config.o(.data)
    TCPIP_THREAD_TASK_STK                    0x2000019c   Data           4  lwip_comm.o(.data)
    LWIP_DHCP_TASK_STK                       0x200001a0   Data           4  lwip_comm.o(.data)
    tcp_server_sendbuf                       0x200001a4   Data           4  tcp_server_demo.o(.data)
    tcp_server_flag                          0x200001a8   Data           1  tcp_server_demo.o(.data)
    current_netif                            0x200001b4   Data           4  ip.o(.data)
    current_header                           0x200001b8   Data           4  ip.o(.data)
    current_iphdr_src                        0x200001bc   Data           4  ip.o(.data)
    current_iphdr_dest                       0x200001c0   Data           4  ip.o(.data)
    memp_memory                              0x20000208   Data           4  memp.o(.data)
    netif_list                               0x2000020c   Data           4  netif.o(.data)
    netif_default                            0x20000210   Data           4  netif.o(.data)
    tcp_ticks                                0x20000220   Data           4  tcp.o(.data)
    tcp_bound_pcbs                           0x20000224   Data           4  tcp.o(.data)
    tcp_listen_pcbs                          0x20000228   Data           4  tcp.o(.data)
    tcp_active_pcbs                          0x2000022c   Data           4  tcp.o(.data)
    tcp_tw_pcbs                              0x20000230   Data           4  tcp.o(.data)
    tcp_tmp_pcb                              0x20000234   Data           4  tcp.o(.data)
    tcp_active_pcbs_changed                  0x20000238   Data           1  tcp.o(.data)
    tcp_input_pcb                            0x2000025c   Data           4  tcp_in.o(.data)
    udp_pcbs                                 0x2000026c   Data           4  udp.o(.data)
    ram_heap                                 0x20000270   Data           4  mem.o(.data)
    mallco_dev                               0x20000290   Data          36  malloc.o(.data)
    CPU_TS_TmrFreq_Hz                        0x200002b4   Data           4  cpu_core.o(.data)
    Mem_PoolTbl                              0x200002b8   Data           4  lib_mem.o(.data)
    OSPrioTbl                                0x200002bc   Data           4  os_prio.o(.data)
    OS_AppTaskCreateHookPtr                  0x200002c0   Data           4  os_var.o(.data)
    OS_AppTaskDelHookPtr                     0x200002c4   Data           4  os_var.o(.data)
    OS_AppTaskReturnHookPtr                  0x200002c8   Data           4  os_var.o(.data)
    OS_AppIdleTaskHookPtr                    0x200002cc   Data           4  os_var.o(.data)
    OS_AppStatTaskHookPtr                    0x200002d0   Data           4  os_var.o(.data)
    OS_AppTaskSwHookPtr                      0x200002d4   Data           4  os_var.o(.data)
    OS_AppTimeTickHookPtr                    0x200002d8   Data           4  os_var.o(.data)
    OSIdleTaskCtr                            0x200002dc   Data           4  os_var.o(.data)
    OSIntNestingCtr                          0x200002e0   Data           1  os_var.o(.data)
    OSRunning                                0x200002e1   Data           1  os_var.o(.data)
    OSFlagDbgListPtr                         0x200002e4   Data           4  os_var.o(.data)
    OSFlagQty                                0x200002e8   Data           2  os_var.o(.data)
    OSMemDbgListPtr                          0x200002ec   Data           4  os_var.o(.data)
    OSMemQty                                 0x200002f0   Data           2  os_var.o(.data)
    OSMutexDbgListPtr                        0x200002f4   Data           4  os_var.o(.data)
    OSMutexQty                               0x200002f8   Data           2  os_var.o(.data)
    OSPrioCur                                0x200002fa   Data           1  os_var.o(.data)
    OSPrioHighRdy                            0x200002fb   Data           1  os_var.o(.data)
    OSPrioSaved                              0x200002fc   Data           1  os_var.o(.data)
    OSQDbgListPtr                            0x20000300   Data           4  os_var.o(.data)
    OSQQty                                   0x20000304   Data           2  os_var.o(.data)
    OSSchedLockTimeBegin                     0x20000308   Data           4  os_var.o(.data)
    OSSchedLockTimeMax                       0x2000030c   Data           4  os_var.o(.data)
    OSSchedLockTimeMaxCur                    0x20000310   Data           4  os_var.o(.data)
    OSSchedLockNestingCtr                    0x20000314   Data           1  os_var.o(.data)
    OSSchedRoundRobinDfltTimeQuanta          0x20000318   Data           4  os_var.o(.data)
    OSSchedRoundRobinEn                      0x2000031c   Data           1  os_var.o(.data)
    OSSemDbgListPtr                          0x20000320   Data           4  os_var.o(.data)
    OSSemQty                                 0x20000324   Data           2  os_var.o(.data)
    OSStatResetFlag                          0x20000326   Data           1  os_var.o(.data)
    OSStatTaskCPUUsage                       0x20000328   Data           2  os_var.o(.data)
    OSStatTaskCPUUsageMax                    0x2000032a   Data           2  os_var.o(.data)
    OSStatTaskCtr                            0x2000032c   Data           4  os_var.o(.data)
    OSStatTaskCtrMax                         0x20000330   Data           4  os_var.o(.data)
    OSStatTaskCtrRun                         0x20000334   Data           4  os_var.o(.data)
    OSStatTaskRdy                            0x20000338   Data           1  os_var.o(.data)
    OSStatTaskTimeMax                        0x2000033c   Data           4  os_var.o(.data)
    OSTaskCtxSwCtr                           0x20000340   Data           4  os_var.o(.data)
    OSTaskDbgListPtr                         0x20000344   Data           4  os_var.o(.data)
    OSTaskQty                                0x20000348   Data           2  os_var.o(.data)
    OSTaskRegNextAvailID                     0x2000034a   Data           1  os_var.o(.data)
    OSTickCtr                                0x2000034c   Data           4  os_var.o(.data)
    OSTickTaskTimeMax                        0x20000350   Data           4  os_var.o(.data)
    OSTmrDbgListPtr                          0x20000354   Data           4  os_var.o(.data)
    OSTmrQty                                 0x20000358   Data           2  os_var.o(.data)
    OSTmrTaskTimeMax                         0x2000035c   Data           4  os_var.o(.data)
    OSTmrTickCtr                             0x20000360   Data           4  os_var.o(.data)
    OSTmrUpdateCnt                           0x20000364   Data           4  os_var.o(.data)
    OSTmrUpdateCtr                           0x20000368   Data           4  os_var.o(.data)
    OSTCBCurPtr                              0x2000036c   Data           4  os_var.o(.data)
    OSTCBHighRdyPtr                          0x20000370   Data           4  os_var.o(.data)
    OS_CPU_ExceptStkBase                     0x20000374   Data           4  os_cpu_c.o(.data)
    KeyTaskTCB                               0x20000378   Data         196  main.o(.bss)
    KEY_TASK_STK                             0x2000043c   Data         512  main.o(.bss)
    LedTaskTCB                               0x2000063c   Data         196  main.o(.bss)
    LED_TASK_STK                             0x20000700   Data         512  main.o(.bss)
    DisplayTaskTCB                           0x20000900   Data         196  main.o(.bss)
    DISPLAY_TASK_STK                         0x200009c4   Data         512  main.o(.bss)
    StartTaskTCB                             0x20000bc4   Data         196  main.o(.bss)
    START_TASK_STK                           0x20000c88   Data         512  main.o(.bss)
    lcddev                                   0x20000e88   Data          14  lcd.o(.bss)
    RS485_RX_BUF                             0x20000e96   Data          64  rs485.o(.bss)
    RX_Frame_Descriptor                      0x20000ed8   Data          12  stm32f4x7_eth.o(.bss)
    USART_RX_BUF                             0x20000ee4   Data         200  usart.o(.bss)
    lwipdev                                  0x20000fac   Data          23  lwip_comm.o(.bss)
    lwip_netif                               0x20000fc4   Data          48  lwip_comm.o(.bss)
    LwipdhcpTaskTCB                          0x20000ff4   Data         196  lwip_comm.o(.bss)
    Tcp_Server_Recvbuf                       0x200010b8   Data          56  tcp_server_demo.o(.bss)
    Tcp_Server_Transbuf                      0x200010f0   Data          56  tcp_server_demo.o(.bss)
    tcp_server_recvbuf                       0x20001128   Data        2000  tcp_server_demo.o(.bss)
    TCPSERVERTaskTCB                         0x200018f8   Data         196  tcp_server_demo.o(.bss)
    TCPSERVER_TASK_STK                       0x200019bc   Data        1200  tcp_server_demo.o(.bss)
    TcpipthreadTaskTCB                       0x20001fb8   Data         196  sys_arch.o(.bss)
    mem1base                                 0x2000210c   Data       102400  malloc.o(.bss)
    mem1mapbase                              0x2001b10c   Data        6400  malloc.o(.bss)
    CPU_Name                                 0x2001ca0c   Data          16  cpu_core.o(.bss)
    Mem_PoolHeap                             0x2001ca1c   Data          72  lib_mem.o(.bss)
    Mem_Heap                                 0x2001ca64   Data        1024  lib_mem.o(.bss)
    OSCfg_IdleTaskStk                        0x2001ce64   Data         512  os_cfg_app.o(.bss)
    OSCfg_ISRStk                             0x2001d064   Data         512  os_cfg_app.o(.bss)
    OSCfg_MsgPool                            0x2001d264   Data        1600  os_cfg_app.o(.bss)
    OSCfg_StatTaskStk                        0x2001d8a4   Data         512  os_cfg_app.o(.bss)
    OSCfg_TickTaskStk                        0x2001daa4   Data         512  os_cfg_app.o(.bss)
    OSCfg_TickWheel                          0x2001dca4   Data         136  os_cfg_app.o(.bss)
    OSCfg_TmrTaskStk                         0x2001dd2c   Data         512  os_cfg_app.o(.bss)
    OSCfg_TmrWheel                           0x2001df2c   Data         136  os_cfg_app.o(.bss)
    OSIdleTaskTCB                            0x2001dfb4   Data         196  os_var.o(.bss)
    OSMsgPool                                0x2001e078   Data          12  os_var.o(.bss)
    OSRdyList                                0x2001e084   Data         384  os_var.o(.bss)
    OSStatTaskTCB                            0x2001e204   Data         196  os_var.o(.bss)
    OSTickTaskTCB                            0x2001e2c8   Data         196  os_var.o(.bss)
    OSTmrTaskTCB                             0x2001e38c   Data         196  os_var.o(.bss)
    __libspace_start                         0x2001e450   Data          96  libspace.o(.bss)
    __temporary_stack_top$libspace           0x2001e4b0   Data           0  libspace.o(.bss)
    mem2base                                 0x68000000   Data       204800  malloc.o(.ARM.__AT_0x68000000)
    mem2mapbase                              0x68032000   Data       12800  malloc.o(.ARM.__AT_0x68032000)



==============================================================================

Memory Map of the image

  Image Entry point : 0x08000189

  Load Region LR_IROM1 (Base: 0x08000000, Size: 0x0002472c, Max: 0x00100000, ABSOLUTE, COMPRESSED[0x00024480])

    Execution Region ER_IROM1 (Base: 0x08000000, Size: 0x000243b4, Max: 0x00100000, ABSOLUTE)

    Base Addr    Size         Type   Attr      Idx    E Section Name        Object

    0x08000000   0x00000188   Data   RO          776    RESET               startup_stm32f40_41xxx.o
    0x08000188   0x00000008   Code   RO         2727  * !!!main             c_w.l(__main.o)
    0x08000190   0x00000034   Code   RO         3071    !!!scatter          c_w.l(__scatter.o)
    0x080001c4   0x0000005a   Code   RO         3069    !!dczerorl2         c_w.l(__dczerorl2.o)
    0x0800021e   0x00000002   PAD
    0x08000220   0x0000001c   Code   RO         3073    !!handler_zi        c_w.l(__scatter_zi.o)
    0x0800023c   0x00000000   Code   RO         2712    .ARM.Collect$$_printf_percent$$00000000  c_w.l(_printf_percent.o)
    0x0800023c   0x00000006   Code   RO         2710    .ARM.Collect$$_printf_percent$$00000009  c_w.l(_printf_d.o)
    0x08000242   0x00000006   Code   RO         2711    .ARM.Collect$$_printf_percent$$0000000A  c_w.l(_printf_u.o)
    0x08000248   0x00000006   Code   RO         2709    .ARM.Collect$$_printf_percent$$0000000C  c_w.l(_printf_x.o)
    0x0800024e   0x00000006   Code   RO         2707    .ARM.Collect$$_printf_percent$$00000013  c_w.l(_printf_c.o)
    0x08000254   0x00000006   Code   RO         2708    .ARM.Collect$$_printf_percent$$00000014  c_w.l(_printf_s.o)
    0x0800025a   0x00000004   Code   RO         2833    .ARM.Collect$$_printf_percent$$00000017  c_w.l(_printf_percent_end.o)
    0x0800025e   0x00000002   Code   RO         2990    .ARM.Collect$$libinit$$00000000  c_w.l(libinit.o)
    0x08000260   0x00000004   Code   RO         2926    .ARM.Collect$$libinit$$00000001  c_w.l(libinit2.o)
    0x08000264   0x00000000   Code   RO         2929    .ARM.Collect$$libinit$$00000004  c_w.l(libinit2.o)
    0x08000264   0x00000000   Code   RO         2932    .ARM.Collect$$libinit$$0000000A  c_w.l(libinit2.o)
    0x08000264   0x00000000   Code   RO         2934    .ARM.Collect$$libinit$$0000000C  c_w.l(libinit2.o)
    0x08000264   0x00000000   Code   RO         2936    .ARM.Collect$$libinit$$0000000E  c_w.l(libinit2.o)
    0x08000264   0x00000006   Code   RO         2937    .ARM.Collect$$libinit$$0000000F  c_w.l(libinit2.o)
    0x0800026a   0x00000000   Code   RO         2939    .ARM.Collect$$libinit$$00000011  c_w.l(libinit2.o)
    0x0800026a   0x0000000c   Code   RO         2940    .ARM.Collect$$libinit$$00000012  c_w.l(libinit2.o)
    0x08000276   0x00000000   Code   RO         2941    .ARM.Collect$$libinit$$00000013  c_w.l(libinit2.o)
    0x08000276   0x00000000   Code   RO         2943    .ARM.Collect$$libinit$$00000015  c_w.l(libinit2.o)
    0x08000276   0x00000000   Code   RO         2945    .ARM.Collect$$libinit$$00000017  c_w.l(libinit2.o)
    0x08000276   0x00000000   Code   RO         2947    .ARM.Collect$$libinit$$00000019  c_w.l(libinit2.o)
    0x08000276   0x00000000   Code   RO         2949    .ARM.Collect$$libinit$$0000001B  c_w.l(libinit2.o)
    0x08000276   0x00000000   Code   RO         2951    .ARM.Collect$$libinit$$0000001D  c_w.l(libinit2.o)
    0x08000276   0x00000000   Code   RO         2953    .ARM.Collect$$libinit$$0000001F  c_w.l(libinit2.o)
    0x08000276   0x00000000   Code   RO         2955    .ARM.Collect$$libinit$$00000021  c_w.l(libinit2.o)
    0x08000276   0x00000000   Code   RO         2957    .ARM.Collect$$libinit$$00000023  c_w.l(libinit2.o)
    0x08000276   0x00000000   Code   RO         2959    .ARM.Collect$$libinit$$00000025  c_w.l(libinit2.o)
    0x08000276   0x00000000   Code   RO         2963    .ARM.Collect$$libinit$$0000002C  c_w.l(libinit2.o)
    0x08000276   0x00000000   Code   RO         2965    .ARM.Collect$$libinit$$0000002E  c_w.l(libinit2.o)
    0x08000276   0x00000000   Code   RO         2967    .ARM.Collect$$libinit$$00000030  c_w.l(libinit2.o)
    0x08000276   0x00000000   Code   RO         2969    .ARM.Collect$$libinit$$00000032  c_w.l(libinit2.o)
    0x08000276   0x00000002   Code   RO         2970    .ARM.Collect$$libinit$$00000033  c_w.l(libinit2.o)
    0x08000278   0x00000002   Code   RO         3037    .ARM.Collect$$libshutdown$$00000000  c_w.l(libshutdown.o)
    0x0800027a   0x00000000   Code   RO         3054    .ARM.Collect$$libshutdown$$00000003  c_w.l(libshutdown2.o)
    0x0800027a   0x00000000   Code   RO         3057    .ARM.Collect$$libshutdown$$00000006  c_w.l(libshutdown2.o)
    0x0800027a   0x00000000   Code   RO         3060    .ARM.Collect$$libshutdown$$00000009  c_w.l(libshutdown2.o)
    0x0800027a   0x00000000   Code   RO         3062    .ARM.Collect$$libshutdown$$0000000B  c_w.l(libshutdown2.o)
    0x0800027a   0x00000000   Code   RO         3065    .ARM.Collect$$libshutdown$$0000000E  c_w.l(libshutdown2.o)
    0x0800027a   0x00000002   Code   RO         3066    .ARM.Collect$$libshutdown$$0000000F  c_w.l(libshutdown2.o)
    0x0800027c   0x00000000   Code   RO         2811    .ARM.Collect$$rtentry$$00000000  c_w.l(__rtentry.o)
    0x0800027c   0x00000000   Code   RO         2899    .ARM.Collect$$rtentry$$00000002  c_w.l(__rtentry2.o)
    0x0800027c   0x00000006   Code   RO         2911    .ARM.Collect$$rtentry$$00000004  c_w.l(__rtentry4.o)
    0x08000282   0x00000000   Code   RO         2901    .ARM.Collect$$rtentry$$00000009  c_w.l(__rtentry2.o)
    0x08000282   0x00000004   Code   RO         2902    .ARM.Collect$$rtentry$$0000000A  c_w.l(__rtentry2.o)
    0x08000286   0x00000000   Code   RO         2904    .ARM.Collect$$rtentry$$0000000C  c_w.l(__rtentry2.o)
    0x08000286   0x00000008   Code   RO         2905    .ARM.Collect$$rtentry$$0000000D  c_w.l(__rtentry2.o)
    0x0800028e   0x00000002   Code   RO         2995    .ARM.Collect$$rtexit$$00000000  c_w.l(rtexit.o)
    0x08000290   0x00000000   Code   RO         3012    .ARM.Collect$$rtexit$$00000002  c_w.l(rtexit2.o)
    0x08000290   0x00000004   Code   RO         3013    .ARM.Collect$$rtexit$$00000003  c_w.l(rtexit2.o)
    0x08000294   0x00000006   Code   RO         3014    .ARM.Collect$$rtexit$$00000004  c_w.l(rtexit2.o)
    0x0800029a   0x00000002   PAD
    0x0800029c   0x000005bc   Code   RO            3    .text               main.o
    0x08000858   0x00000014   Code   RO          303    .text               stm32f4xx_it.o
    0x0800086c   0x00000210   Code   RO          352    .text               system_stm32f4xx.o
    0x08000a7c   0x000000e0   Code   RO          378    .text               key.o
    0x08000b5c   0x00000084   Code   RO          399    .text               led.o
    0x08000be0   0x00000070   Code   RO          419    .text               timer.o
    0x08000c50   0x00004ca8   Code   RO          443    .text               lcd.o
    0x080058f8   0x00000390   Code   RO          481    .text               lan8720.o
    0x08005c88   0x000002a4   Code   RO          512    .text               sram.o
    0x08005f2c   0x000000dc   Code   RO          532    .text               adc.o
    0x08006008   0x00000040   Code   RO          552    .text               beep.o
    0x08006048   0x00000194   Code   RO          572    .text               temperature.o
    0x080061dc   0x000001b8   Code   RO          595    .text               rs485.o
    0x08006394   0x00000040   Code   RO          777    .text               startup_stm32f40_41xxx.o
    0x080063d4   0x000000e0   Code   RO          783    .text               misc.o
    0x080064b4   0x00000294   Code   RO          803    .text               stm32f4xx_gpio.o
    0x08006748   0x0000065c   Code   RO          823    .text               stm32f4xx_rcc.o
    0x08006da4   0x00000094   Code   RO          845    .text               stm32f4xx_syscfg.o
    0x08006e38   0x00000ca2   Code   RO          865    .text               stm32f4xx_tim.o
    0x08007ada   0x00000002   PAD
    0x08007adc   0x00000454   Code   RO          885    .text               stm32f4xx_usart.o
    0x08007f30   0x00000e40   Code   RO          905    .text               stm32f4x7_eth.o
    0x08008d70   0x00000464   Code   RO          932    .text               stm32f4xx_adc.o
    0x080091d4   0x000005c8   Code   RO          952    .text               stm32f4xx_fsmc.o
    0x0800979c   0x0000014c   Code   RO         1035    .text               delay.o
    0x080098e8   0x00000158   Code   RO         1075    .text               usart.o
    0x08009a40   0x00000c3c   Code   RO         1106    .text               usmart.o
    0x0800a67c   0x00000528   Code   RO         1151    .text               usmart_str.o
    0x0800aba4   0x00000318   Code   RO         1171    .text               lwip_comm.o
    0x0800aebc   0x0000031c   Code   RO         1303    .text               tcp_server_demo.o
    0x0800b1d8   0x00000e7c   Code   RO         1345    .text               etharp.o
    0x0800c054   0x00000228   Code   RO         1389    .text               ethernetif.o
    0x0800c27c   0x00000424   Code   RO         1441    .text               icmp.o
    0x0800c6a0   0x000002b4   Code   RO         1495    .text               inet_chksum.o
    0x0800c954   0x00000400   Code   RO         1515    .text               ip.o
    0x0800cd54   0x0000032c   Code   RO         1557    .text               ip_addr.o
    0x0800d080   0x00000a28   Code   RO         1591    .text               ip_frag.o
    0x0800daa8   0x0000003e   Code   RO         1613    .text               def.o
    0x0800dae6   0x00000024   Code   RO         1661    .text               init.o
    0x0800db0a   0x00000002   PAD
    0x0800db0c   0x000001d4   Code   RO         1699    .text               memp.o
    0x0800dce0   0x00000334   Code   RO         1740    .text               netif.o
    0x0800e014   0x000010a8   Code   RO         1770    .text               pbuf.o
    0x0800f0bc   0x0000024c   Code   RO         1790    .text               raw.o
    0x0800f308   0x0000148c   Code   RO         1826    .text               tcp.o
    0x08010794   0x00001878   Code   RO         1858    .text               tcp_in.o
    0x0801200c   0x00001346   Code   RO         1889    .text               tcp_out.o
    0x08013352   0x00000002   PAD
    0x08013354   0x000002dc   Code   RO         1910    .text               timers.o
    0x08013630   0x000005b4   Code   RO         1932    .text               udp.o
    0x08013be4   0x00000744   Code   RO         1958    .text               mem.o
    0x08014328   0x00000490   Code   RO         1982    .text               sys_arch.o
    0x080147b8   0x00000c10   Code   RO         2019    .text               api_lib.o
    0x080153c8   0x00001854   Code   RO         2058    .text               api_msg.o
    0x08016c1c   0x000003b0   Code   RO         2101    .text               netbuf.o
    0x08016fcc   0x00001c70   Code   RO         2152    .text               sockets.o
    0x08018c3c   0x000003b8   Code   RO         2176    .text               tcpip.o
    0x08018ff4   0x00000234   Code   RO         2208    .text               malloc.o
    0x08019228   0x00000084   Code   RO         2240    .text               bsp.o
    0x080192ac   0x000002a8   Code   RO         2273    .text               cpu_core.o
    0x08019554   0x00000034   Code   RO         2299    .text               cpu_a.o
    0x08019588   0x00000256   Code   RO         2302    .text               lib_ascii.o
    0x080197de   0x00000002   PAD
    0x080197e0   0x000009c6   Code   RO         2335    .text               lib_mem.o
    0x0801a1a6   0x00000002   PAD
    0x0801a1a8   0x0000092c   Code   RO         2354    .text               lib_str.o
    0x0801aad4   0x00000220   Code   RO         2371    .text               lib_mem_a.o
    0x0801acf4   0x000000d0   Code   RO         2374    .text               os_cfg_app.o
    0x0801adc4   0x00000d94   Code   RO         2394    .text               os_core.o
    0x0801bb58   0x000001a8   Code   RO         2406    .text               os_dbg.o
    0x0801bd00   0x00000af8   Code   RO         2421    .text               os_flag.o
    0x0801c7f8   0x000001fc   Code   RO         2439    .text               os_mem.o
    0x0801c9f4   0x0000022c   Code   RO         2451    .text               os_msg.o
    0x0801cc20   0x0000078c   Code   RO         2463    .text               os_mutex.o
    0x0801d3ac   0x0000007c   Code   RO         2481    .text               os_prio.o
    0x0801d428   0x000006d8   Code   RO         2500    .text               os_q.o
    0x0801db00   0x000006e8   Code   RO         2512    .text               os_sem.o
    0x0801e1e8   0x000005a8   Code   RO         2524    .text               os_stat.o
    0x0801e790   0x0000135c   Code   RO         2536    .text               os_task.o
    0x0801faec   0x00000484   Code   RO         2548    .text               os_tick.o
    0x0801ff70   0x0000045c   Code   RO         2560    .text               os_time.o
    0x080203cc   0x000007dc   Code   RO         2572    .text               os_tmr.o
    0x08020ba8   0x000003f8   Code   RO         2600    .text               os_cpu_c.o
    0x08020fa0   0x00000002   Code   RO         2644    .text               c_w.l(use_no_semi_2.o)
    0x08020fa2   0x00000002   PAD
    0x08020fa4   0x00000010   Code   RO         2646    .text               c_w.l(rt_ctype_table.o)
    0x08020fb4   0x000000ee   Code   RO         2648    .text               c_w.l(lludivv7m.o)
    0x080210a2   0x00000002   PAD
    0x080210a4   0x00000018   Code   RO         2654    .text               c_w.l(noretval__2printf.o)
    0x080210bc   0x00000028   Code   RO         2656    .text               c_w.l(noretval__2sprintf.o)
    0x080210e4   0x0000004e   Code   RO         2660    .text               c_w.l(_printf_pad.o)
    0x08021132   0x00000052   Code   RO         2662    .text               c_w.l(_printf_str.o)
    0x08021184   0x00000078   Code   RO         2664    .text               c_w.l(_printf_dec.o)
    0x080211fc   0x00000058   Code   RO         2669    .text               c_w.l(_printf_hex_int.o)
    0x08021254   0x00000188   Code   RO         2704    .text               c_w.l(__printf_flags_ss_wp.o)
    0x080213dc   0x00000058   Code   RO         2713    .text               c_w.l(memcmp.o)
    0x08021434   0x0000003e   Code   RO         2715    .text               c_w.l(strlen.o)
    0x08021472   0x0000008a   Code   RO         2717    .text               c_w.l(rt_memcpy_v6.o)
    0x080214fc   0x00000044   Code   RO         2719    .text               c_w.l(rt_memclr.o)
    0x08021540   0x0000004e   Code   RO         2721    .text               c_w.l(rt_memclr_w.o)
    0x0802158e   0x00000002   PAD
    0x08021590   0x00000080   Code   RO         2723    .text               c_w.l(strcmpv7m.o)
    0x08021610   0x00000006   Code   RO         2725    .text               c_w.l(heapauxi.o)
    0x08021616   0x00000002   Code   RO         2809    .text               c_w.l(use_no_semi.o)
    0x08021618   0x00000008   Code   RO         2819    .text               c_w.l(rt_locale_intlibspace.o)
    0x08021620   0x000000b2   Code   RO         2823    .text               c_w.l(_printf_intcommon.o)
    0x080216d2   0x00000002   PAD
    0x080216d4   0x00000030   Code   RO         2825    .text               c_w.l(_printf_char_common.o)
    0x08021704   0x0000000a   Code   RO         2827    .text               c_w.l(_sputc.o)
    0x0802170e   0x0000002c   Code   RO         2829    .text               c_w.l(_printf_char.o)
    0x0802173a   0x00000002   PAD
    0x0802173c   0x00000024   Code   RO         2831    .text               c_w.l(_printf_char_file.o)
    0x08021760   0x00000064   Code   RO         2837    .text               c_w.l(rt_memcpy_w.o)
    0x080217c4   0x00000008   Code   RO         2895    .text               c_w.l(libspace.o)
    0x080217cc   0x00000008   Code   RO         2922    .text               c_w.l(ferror.o)
    0x080217d4   0x0000004a   Code   RO         2975    .text               c_w.l(sys_stackheap_outer.o)
    0x0802181e   0x0000000c   Code   RO         2977    .text               c_w.l(exit.o)
    0x0802182a   0x00000002   PAD
    0x0802182c   0x000000ac   Code   RO         2624    CODE                os_cpu_a.o
    0x080218d8   0x0000000e   Code   RO         2697    i._is_digit         c_w.l(__printf_wp.o)
    0x080218e6   0x00000002   PAD
    0x080218e8   0x0000002c   Code   RO         2835    locale$$code        c_w.l(lc_ctype_c.o)
    0x08021914   0x00000150   Code   RO         2729    x$fpl$dadd          fz_wm.l(daddsub_clz.o)
    0x08021a64   0x000002b0   Code   RO         2736    x$fpl$ddiv          fz_wm.l(ddiv.o)
    0x08021d14   0x0000005e   Code   RO         2739    x$fpl$dfix          fz_wm.l(dfix.o)
    0x08021d72   0x00000002   PAD
    0x08021d74   0x0000005a   Code   RO         2743    x$fpl$dfixu         fz_wm.l(dfixu.o)
    0x08021dce   0x00000026   Code   RO         2747    x$fpl$dfltu         fz_wm.l(dflt_clz.o)
    0x08021df4   0x00000154   Code   RO         2753    x$fpl$dmul          fz_wm.l(dmul.o)
    0x08021f48   0x0000009c   Code   RO         2843    x$fpl$dnaninf       fz_wm.l(dnaninf.o)
    0x08021fe4   0x0000000c   Code   RO         2845    x$fpl$dretinf       fz_wm.l(dretinf.o)
    0x08021ff0   0x000001d4   Code   RO         2731    x$fpl$dsub          fz_wm.l(daddsub_clz.o)
    0x080221c4   0x00000056   Code   RO         2755    x$fpl$f2d           fz_wm.l(f2d.o)
    0x0802221a   0x0000008c   Code   RO         2851    x$fpl$fnaninf       fz_wm.l(fnaninf.o)
    0x080222a6   0x0000000a   Code   RO         2991    x$fpl$fpinit        fz_wm.l(fpinit.o)
    0x080222b0   0x00000000   Code   RO         2855    x$fpl$usenofp       fz_wm.l(usenofp.o)
    0x080222b0   0x000017c0   Data   RO          445    .constdata          lcd.o
    0x08023a70   0x0000001c   Data   RO          953    .constdata          stm32f4xx_fsmc.o
    0x08023a8c   0x0000000c   Data   RO         1347    .constdata          etharp.o
    0x08023a98   0x00000008   Data   RO         1559    .constdata          ip_addr.o
    0x08023aa0   0x00000038   Data   RO         1701    .constdata          memp.o
    0x08023ad8   0x00000050   Data   RO         1827    .constdata          tcp.o
    0x08023b28   0x00000004   Data   RO         1984    .constdata          sys_arch.o
    0x08023b2c   0x00000040   Data   RO         2154    .constdata          sockets.o
    0x08023b6c   0x00000024   Data   RO         2214    .constdata          malloc.o
    0x08023b90   0x00000104   Data   RO         2275    .constdata          cpu_core.o
    0x08023c94   0x00000094   Data   RO         2355    .constdata          lib_str.o
    0x08023d28   0x000000a4   Data   RO         2376    .constdata          os_cfg_app.o
    0x08023dcc   0x0000016c   Data   RO         2407    .constdata          os_dbg.o
    0x08023f38   0x00000028   Data   RO         2670    .constdata          c_w.l(_printf_hex_int.o)
    0x08023f60   0x00000011   Data   RO         2705    .constdata          c_w.l(__printf_flags_ss_wp.o)
    0x08023f71   0x00000003   PAD
    0x08023f74   0x00000028   Data   RO         1107    .conststring        usmart.o
    0x08023f9c   0x00000107   Data   RO         1130    .conststring        usmart_config.o
    0x080240a3   0x00000001   PAD
    0x080240a4   0x00000032   Data   RO         1305    .conststring        tcp_server_demo.o
    0x080240d6   0x00000002   PAD
    0x080240d8   0x00000044   Data   RO         1348    .conststring        etharp.o
    0x0802411c   0x000000a0   Data   RO         1702    .conststring        memp.o
    0x080241bc   0x0000006d   Data   RO         1828    .conststring        tcp.o
    0x08024229   0x00000003   PAD
    0x0802422c   0x00000055   Data   RO         1890    .conststring        tcp_out.o
    0x08024281   0x00000003   PAD
    0x08024284   0x00000020   Data   RO         3067    Region$$Table       anon$$obj.o
    0x080242a4   0x00000110   Data   RO         2834    locale$$data        c_w.l(lc_ctype_c.o)


    Execution Region RW_IRAM1 (Base: 0x20000000, Size: 0x0001eab0, Max: 0x00020000, ABSOLUTE, COMPRESSED[0x000000cc])

    Base Addr    Size         Type   Attr      Idx    E Section Name        Object

    0x20000000   0x00000014   Data   RW          353    .data               system_stm32f4xx.o
    0x20000014   0x00000001   Data   RW          379    .data               key.o
    0x20000015   0x00000001   PAD
    0x20000016   0x00000004   Data   RW          446    .data               lcd.o
    0x2000001a   0x00000002   PAD
    0x2000001c   0x00000010   Data   RW          482    .data               lan8720.o
    0x2000002c   0x00000001   Data   RW          597    .data               rs485.o
    0x2000002d   0x00000010   Data   RW          824    .data               stm32f4xx_rcc.o
    0x2000003d   0x00000003   PAD
    0x20000040   0x00000010   Data   RW          907    .data               stm32f4x7_eth.o
    0x20000050   0x00000004   Data   RW         1036    .data               delay.o
    0x20000054   0x00000006   Data   RW         1077    .data               usart.o
    0x2000005a   0x00000002   PAD
    0x2000005c   0x0000001c   Data   RW         1108    .data               usmart.o
    0x20000078   0x00000124   Data   RW         1131    .data               usmart_config.o
    0x2000019c   0x00000008   Data   RW         1173    .data               lwip_comm.o
    0x200001a4   0x0000000f   Data   RW         1306    .data               tcp_server_demo.o
    0x200001b3   0x00000001   Data   RW         1349    .data               etharp.o
    0x200001b4   0x00000012   Data   RW         1516    .data               ip.o
    0x200001c6   0x00000002   PAD
    0x200001c8   0x00000006   Data   RW         1592    .data               ip_frag.o
    0x200001ce   0x00000002   PAD
    0x200001d0   0x0000003c   Data   RW         1703    .data               memp.o
    0x2000020c   0x00000009   Data   RW         1741    .data               netif.o
    0x20000215   0x00000003   PAD
    0x20000218   0x00000004   Data   RW         1791    .data               raw.o
    0x2000021c   0x00000024   Data   RW         1829    .data               tcp.o
    0x20000240   0x00000020   Data   RW         1860    .data               tcp_in.o
    0x20000260   0x00000008   Data   RW         1911    .data               timers.o
    0x20000268   0x00000008   Data   RW         1933    .data               udp.o
    0x20000270   0x00000010   Data   RW         1960    .data               mem.o
    0x20000280   0x00000008   Data   RW         2155    .data               sockets.o
    0x20000288   0x00000008   Data   RW         2178    .data               tcpip.o
    0x20000290   0x00000024   Data   RW         2215    .data               malloc.o
    0x200002b4   0x00000004   Data   RW         2276    .data               cpu_core.o
    0x200002b8   0x00000004   Data   RW         2337    .data               lib_mem.o
    0x200002bc   0x00000004   Data   RW         2482    .data               os_prio.o
    0x200002c0   0x000000b4   Data   RW         2585    .data               os_var.o
    0x20000374   0x00000004   Data   RW         2601    .data               os_cpu_c.o
    0x20000378   0x00000b10   Zero   RW            4    .bss                main.o
    0x20000e88   0x0000000e   Zero   RW          444    .bss                lcd.o
    0x20000e96   0x00000040   Zero   RW          596    .bss                rs485.o
    0x20000ed6   0x00000002   PAD
    0x20000ed8   0x0000000c   Zero   RW          906    .bss                stm32f4x7_eth.o
    0x20000ee4   0x000000c8   Zero   RW         1076    .bss                usart.o
    0x20000fac   0x0000010c   Zero   RW         1172    .bss                lwip_comm.o
    0x200010b8   0x00000db4   Zero   RW         1304    .bss                tcp_server_demo.o
    0x20001e6c   0x000000c8   Zero   RW         1346    .bss                etharp.o
    0x20001f34   0x00000010   Zero   RW         1558    .bss                ip_addr.o
    0x20001f44   0x00000038   Zero   RW         1700    .bss                memp.o
    0x20001f7c   0x00000014   Zero   RW         1859    .bss                tcp_in.o
    0x20001f90   0x00000028   Zero   RW         1959    .bss                mem.o
    0x20001fb8   0x000000c4   Zero   RW         1983    .bss                sys_arch.o
    0x2000207c   0x00000060   Zero   RW         2153    .bss                sockets.o
    0x200020dc   0x00000030   Zero   RW         2177    .bss                tcpip.o
    0x2000210c   0x0001a900   Zero   RW         2213    .bss                malloc.o
    0x2001ca0c   0x00000010   Zero   RW         2274    .bss                cpu_core.o
    0x2001ca1c   0x00000448   Zero   RW         2336    .bss                lib_mem.o
    0x2001ce64   0x00001150   Zero   RW         2375    .bss                os_cfg_app.o
    0x2001dfb4   0x0000049c   Zero   RW         2584    .bss                os_var.o
    0x2001e450   0x00000060   Zero   RW         2896    .bss                c_w.l(libspace.o)
    0x2001e4b0   0x00000200   Zero   RW          775    HEAP                startup_stm32f40_41xxx.o
    0x2001e6b0   0x00000400   Zero   RW          774    STACK               startup_stm32f40_41xxx.o



  Load Region LR$$.ARM.__AT_0x10000000 (Base: 0x10000000, Size: 0x00000000, Max: 0x0000f000, ABSOLUTE)

    Execution Region ER$$.ARM.__AT_0x10000000 (Base: 0x10000000, Size: 0x0000f000, Max: 0x0000f000, ABSOLUTE, UNINIT)

    Base Addr    Size         Type   Attr      Idx    E Section Name        Object

    0x10000000   0x0000f000   Zero   RW         2209    .ARM.__AT_0x10000000  malloc.o



  Load Region LR$$.ARM.__AT_0x1000F000 (Base: 0x1000f000, Size: 0x00000000, Max: 0x00000f00, ABSOLUTE)

    Execution Region ER$$.ARM.__AT_0x1000F000 (Base: 0x1000f000, Size: 0x00000f00, Max: 0x00000f00, ABSOLUTE, UNINIT)

    Base Addr    Size         Type   Attr      Idx    E Section Name        Object

    0x1000f000   0x00000f00   Zero   RW         2210    .ARM.__AT_0x1000F000  malloc.o



  Load Region LR$$.ARM.__AT_0x68000000 (Base: 0x68000000, Size: 0x00000000, Max: 0x00032000, ABSOLUTE)

    Execution Region ER$$.ARM.__AT_0x68000000 (Base: 0x68000000, Size: 0x00032000, Max: 0x00032000, ABSOLUTE, UNINIT)

    Base Addr    Size         Type   Attr      Idx    E Section Name        Object

    0x68000000   0x00032000   Zero   RW         2211    .ARM.__AT_0x68000000  malloc.o



  Load Region LR$$.ARM.__AT_0x68032000 (Base: 0x68032000, Size: 0x00000000, Max: 0x00003200, ABSOLUTE)

    Execution Region ER$$.ARM.__AT_0x68032000 (Base: 0x68032000, Size: 0x00003200, Max: 0x00003200, ABSOLUTE, UNINIT)

    Base Addr    Size         Type   Attr      Idx    E Section Name        Object

    0x68032000   0x00003200   Zero   RW         2212    .ARM.__AT_0x68032000  malloc.o


==============================================================================

Image component sizes


      Code (inc. data)   RO Data    RW Data    ZI Data      Debug   Object Name

       220          8          0          0          0       1135   adc.o
      3088        820          0          0          0      17473   api_lib.o
      6228       1226          0          0          0      10143   api_msg.o
        64          4          0          0          0        516   beep.o
       132         14          0          0          0       1191   bsp.o
        52          0          0          0          0        316   cpu_a.o
       680         14        260          4         16      14539   cpu_core.o
        62          0          0          0          0       1214   def.o
       332         26          0          4          0       1809   delay.o
      3708        604         80          1        200      10451   etharp.o
       552        134          0          0          0       4686   ethernetif.o
      1060        372          0          0          0       2626   icmp.o
         0          0          0          0          0       1848   inet.o
       692        104          0          0          0       2969   inet_chksum.o
        36          0          0          0          0       4552   init.o
      1024        174          0         18          0       6823   ip.o
       812        112          8          0         16      10543   ip_addr.o
      2600        486          0          6          0       6656   ip_frag.o
       224         20          0          1          0        844   key.o
       912         56          0         16          0       3681   lan8720.o
     19624        168       6080          4         14      22166   lcd.o
       132         10          0          0          0        823   led.o
       598          0          0          0          0       3764   lib_ascii.o
      2502         32          0          4       1096      21840   lib_mem.o
       544          0          0          0          0        460   lib_mem_a.o
      2348          6        148          0          0      13130   lib_str.o
       792        236          0          8        268      26099   lwip_comm.o
      1468        364          0          0       2832     385304   main.o
       564         18         36         36     391680       4779   malloc.o
      1860        568          0         16         40       4082   mem.o
       468        196        216         60         56       3080   memp.o
       224         20          0          0          0       1929   misc.o
       944        340          0          0          0       2977   netbuf.o
       820        126          0          9          0       6301   netif.o
       208        136        164          0       4432      19638   os_cfg_app.o
      3476        272          0          0          0      11983   os_core.o
       172         32          0          0          0        384   os_cpu_a.o
      1016         64          0          4          0       3961   os_cpu_c.o
       424        280        364          0          0       4721   os_dbg.o
      2808         84          0          0          0       7587   os_flag.o
       508         16          0          0          0       2740   os_mem.o
       556         12          0          0          0       2771   os_msg.o
      1932         84          0          0          0       5274   os_mutex.o
       124          4          0          4          0       1864   os_prio.o
      1752         58          0          0          0       6088   os_q.o
      1768         58          0          0          0       6124   os_sem.o
      1448        150          0          0          0       2729   os_stat.o
      4956        188          0          0          0      12858   os_task.o
      1156         74          0          0          0       3321   os_tick.o
      1116         54          0          0          0       3057   os_time.o
      2012        134          0          0          0       6402   os_tmr.o
         0          0          0        180       1180      18081   os_var.o
      4264       1236          0          0          0       9229   pbuf.o
       588        134          0          4          0       3321   raw.o
       440         24          0          1         64       2114   rs485.o
      7280        666         64          8         96      17470   sockets.o
       676         18          0          0          0       2205   sram.o
        64         26        392          0       1536        824   startup_stm32f40_41xxx.o
      3648         96          0         16         12      19682   stm32f4x7_eth.o
      1124         24          0          0          0      10602   stm32f4xx_adc.o
      1480         18         28          0          0       5738   stm32f4xx_fsmc.o
       660         44          0          0          0       4201   stm32f4xx_gpio.o
        20          0          0          0          0        931   stm32f4xx_it.o
      1628         52          0         16          0      13004   stm32f4xx_rcc.o
       148         12          0          0          0       1885   stm32f4xx_syscfg.o
      3234         60          0          0          0      22404   stm32f4xx_tim.o
      1108         34          0          0          0       7904   stm32f4xx_usart.o
      1168        238          4          0        196       6289   sys_arch.o
       528         46          0         20          0       1735   system_stm32f4xx.o
      5260       1092        189         36          0      21611   tcp.o
      6264        964          0         32         20      15019   tcp_in.o
      4934        954         85          0          0       9675   tcp_out.o
       796        228         50         15       3508      11397   tcp_server_demo.o
       952        194          0          8         48       9784   tcpip.o
       404         50          0          0          0       1446   temperature.o
       112          4          0          0          0        780   timer.o
       732        178          0          8          0       3207   timers.o
      1460        204          0          8          0       6902   udp.o
       344         16          0          6        200       3266   usart.o
      3132       1290         40         28          0       4238   usmart.o
         0          0        263        292          0       1544   usmart_config.o
      1320         12          0          0          0       5137   usmart_str.o

    ----------------------------------------------------------------------
    134576      15872       8512        888     407512     943876   Object Totals
         0          0         32          0          0          0   (incl. Generated)
        10          0          9         15          2          0   (incl. Padding)

    ----------------------------------------------------------------------

      Code (inc. data)   RO Data    RW Data    ZI Data      Debug   Library Member Name

        90          0          0          0          0          0   __dczerorl2.o
         8          0          0          0          0         68   __main.o
       392          4         17          0          0         92   __printf_flags_ss_wp.o
        14          0          0          0          0         68   __printf_wp.o
         0          0          0          0          0          0   __rtentry.o
        12          0          0          0          0          0   __rtentry2.o
         6          0          0          0          0          0   __rtentry4.o
        52          8          0          0          0          0   __scatter.o
        28          0          0          0          0          0   __scatter_zi.o
         6          0          0          0          0          0   _printf_c.o
        44          0          0          0          0        108   _printf_char.o
        48          6          0          0          0         96   _printf_char_common.o
        36          4          0          0          0         80   _printf_char_file.o
         6          0          0          0          0          0   _printf_d.o
       120         16          0          0          0         92   _printf_dec.o
        88          4         40          0          0         88   _printf_hex_int.o
       178          0          0          0          0         88   _printf_intcommon.o
        78          0          0          0          0        108   _printf_pad.o
         0          0          0          0          0          0   _printf_percent.o
         4          0          0          0          0          0   _printf_percent_end.o
         6          0          0          0          0          0   _printf_s.o
        82          0          0          0          0         80   _printf_str.o
         6          0          0          0          0          0   _printf_u.o
         6          0          0          0          0          0   _printf_x.o
        10          0          0          0          0         68   _sputc.o
        12          0          0          0          0         72   exit.o
         8          0          0          0          0         68   ferror.o
         6          0          0          0          0        152   heapauxi.o
        44         10        272          0          0         76   lc_ctype_c.o
         2          0          0          0          0          0   libinit.o
        24          0          0          0          0          0   libinit2.o
         2          0          0          0          0          0   libshutdown.o
         2          0          0          0          0          0   libshutdown2.o
         8          4          0          0         96         68   libspace.o
       238          0          0          0          0        100   lludivv7m.o
        88          0          0          0          0         76   memcmp.o
        24          4          0          0          0         84   noretval__2printf.o
        40          6          0          0          0         84   noretval__2sprintf.o
        16          4          0          0          0         76   rt_ctype_table.o
         8          4          0          0          0         68   rt_locale_intlibspace.o
        68          0          0          0          0         68   rt_memclr.o
        78          0          0          0          0         80   rt_memclr_w.o
       138          0          0          0          0         68   rt_memcpy_v6.o
       100          0          0          0          0         80   rt_memcpy_w.o
         2          0          0          0          0          0   rtexit.o
        10          0          0          0          0          0   rtexit2.o
       128          0          0          0          0         68   strcmpv7m.o
        62          0          0          0          0         76   strlen.o
        74          0          0          0          0         80   sys_stackheap_outer.o
         2          0          0          0          0         68   use_no_semi.o
         2          0          0          0          0         68   use_no_semi_2.o
       804         16          0          0          0        368   daddsub_clz.o
       688        140          0          0          0        256   ddiv.o
        94          4          0          0          0        140   dfix.o
        90          4          0          0          0        140   dfixu.o
        38          0          0          0          0        116   dflt_clz.o
       340         12          0          0          0        152   dmul.o
       156          4          0          0          0        140   dnaninf.o
        12          0          0          0          0        116   dretinf.o
        86          4          0          0          0        132   f2d.o
       140          4          0          0          0        132   fnaninf.o
        10          0          0          0          0        116   fpinit.o
         0          0          0          0          0          0   usenofp.o

    ----------------------------------------------------------------------
      4984        262        332          0         96       4424   Library Totals
        20          0          3          0          0          0   (incl. Padding)

    ----------------------------------------------------------------------

      Code (inc. data)   RO Data    RW Data    ZI Data      Debug   Library Name

      2506         74        329          0         96       2616   c_w.l
      2458        188          0          0          0       1808   fz_wm.l

    ----------------------------------------------------------------------
      4984        262        332          0         96       4424   Library Totals

    ----------------------------------------------------------------------

==============================================================================


      Code (inc. data)   RO Data    RW Data    ZI Data      Debug   

    139560      16134       8844        888     407608     928944   Grand Totals
    139560      16134       8844        204     407608     928944   ELF Image Totals (compressed)
    139560      16134       8844        204          0          0   ROM Totals

==============================================================================

    Total RO  Size (Code + RO Data)               148404 ( 144.93kB)
    Total RW  Size (RW Data + ZI Data)            408496 ( 398.92kB)
    Total ROM Size (Code + RO Data + RW Data)     148608 ( 145.13kB)

==============================================================================

